******************************************************************************
             TMS320C2000 Linker PC v15.12.7                    
******************************************************************************
>> Linked Mon Dec 11 21:21:23 2017

OUTPUT FILE NAME:   <D:/00IC TOP2812/TOP2812_CODE/EX05_GPIOBuzzer/gpio/../Debug/gpio.out>
ENTRY POINT SYMBOL: "_c_int00"  address: 003f82dd


MEMORY CONFIGURATION

         name            origin    length      used     unused   attr    fill
----------------------  --------  ---------  --------  --------  ----  --------
PAGE 0:
  PRAMH0                003f8000   00001000  0000044d  00000bb3  RWIX

PAGE 1:
  RAMM0                 00000000   00000400  00000000  00000400  RWIX
  RAMM1                 00000400   00000400  00000400  00000000  RWIX
  DEV_EMU               00000880   00000180  000000d6  000000aa  RWIX
  FLASH_REGS            00000a80   00000060  00000008  00000058  RWIX
  CSM                   00000ae0   00000010  00000010  00000000  RWIX
  XINTF                 00000b20   00000020  00000020  00000000  RWIX
  CPU_TIMER0            00000c00   00000008  00000008  00000000  RWIX
  CPU_TIMER1            00000c08   00000008  00000008  00000000  RWIX
  CPU_TIMER2            00000c10   00000008  00000008  00000000  RWIX
  PIE_CTRL              00000ce0   00000020  0000001a  00000006  RWIX
  PIE_VECT              00000d00   00000100  00000100  00000000  RWIX
  ECAN_A                00006000   00000100  00000034  000000cc  RWIX
  ECAN_AMBOX            00006100   00000100  00000100  00000000  RWIX
  SYSTEM                00007010   00000020  00000020  00000000  RWIX
  SPI_A                 00007040   00000010  00000010  00000000  RWIX
  SCI_A                 00007050   00000010  00000010  00000000  RWIX
  XINTRUPT              00007070   00000010  00000010  00000000  RWIX
  GPIOMUX               000070c0   00000020  00000020  00000000  RWIX
  GPIODAT               000070e0   00000020  00000020  00000000  RWIX
  ADC                   00007100   00000020  0000001a  00000006  RWIX
  EV_A                  00007400   00000040  00000032  0000000e  RWIX
  EV_B                  00007500   00000040  00000032  0000000e  RWIX
  SPI_B                 00007740   00000010  00000000  00000010  RWIX
  SCI_B                 00007750   00000010  00000010  00000000  RWIX
  MCBSP_A               00007800   00000040  00000025  0000001b  RWIX
  CSM_PWL               003f7ff8   00000008  00000008  00000000  RWIX
  DRAMH0                003f9000   00001000  0000019c  00000e64  RWIX


SECTION ALLOCATION MAP

 output                                  attributes/
section   page    origin      length       input sections
--------  ----  ----------  ----------   ----------------
.text      0    003f8000    00000436     
                  003f8000    0000014a     DSP28_DefaultIsr.obj (.text:retain)
                  003f814a    0000007c     DSP28_CpuTimers.obj (.text)
                  003f81c6    00000065     DSP28_Xintf.obj (.text)
                  003f822b    0000005a     rts2800n.lib : fs_mpy.obj (.text)
                  003f8285    00000058     ExamGpiod5.obj (.text)
                  003f82dd    0000004b     rts2800n.lib : boot.obj (.text)
                  003f8328    0000003e                  : exit.obj (.text)
                  003f8366    0000003b                  : fs_tol.obj (.text)
                  003f83a1    0000002c     DSP28_SysCtrl.obj (.text)
                  003f83cd    00000021     DSP28_PieCtrl.obj (.text)
                  003f83ee    00000020     DSP28_PieVect.obj (.text)
                  003f840e    00000011     DSP28_InitPeripherals.obj (.text)
                  003f841f    0000000a     DSP28_Gpio.obj (.text)
                  003f8429    00000007     rts2800n.lib : _lock.obj (.text)
                  003f8430    00000001     DSP28_Adc.obj (.text)
                  003f8431    00000001     DSP28_ECan.obj (.text)
                  003f8432    00000001     DSP28_Ev.obj (.text)
                  003f8433    00000001     DSP28_Mcbsp.obj (.text)
                  003f8434    00000001     DSP28_Sci.obj (.text)
                  003f8435    00000001     DSP28_Spi.obj (.text)

.cinit     0    003f8436    00000015     
                  003f8436    0000000b     rts2800n.lib : exit.obj (.cinit)
                  003f8441    00000008                  : _lock.obj (.cinit)
                  003f8449    00000002     --HOLE-- [fill = 0]

.reset     0    003f844b    00000002     
                  003f844b    00000002     rts2800n.lib : boot.obj (.reset)

.stack     1    00000400    00000400     UNINITIALIZED
                  00000400    00000400     --HOLE--

DevEmuRegsFile 
*          1    00000880    000000d6     UNINITIALIZED
                  00000880    000000d6     DSP28_GlobalVariableDefs.obj (DevEmuRegsFile)

FlashRegsFile 
*          1    00000a80    00000008     UNINITIALIZED
                  00000a80    00000008     DSP28_GlobalVariableDefs.obj (FlashRegsFile)

CsmRegsFile 
*          1    00000ae0    00000010     UNINITIALIZED
                  00000ae0    00000010     DSP28_GlobalVariableDefs.obj (CsmRegsFile)

XintfRegsFile 
*          1    00000b20    00000020     UNINITIALIZED
                  00000b20    00000020     DSP28_GlobalVariableDefs.obj (XintfRegsFile)

CpuTimer0RegsFile 
*          1    00000c00    00000008     UNINITIALIZED
                  00000c00    00000008     DSP28_GlobalVariableDefs.obj (CpuTimer0RegsFile)

CpuTimer1RegsFile 
*          1    00000c08    00000008     UNINITIALIZED
                  00000c08    00000008     DSP28_GlobalVariableDefs.obj (CpuTimer1RegsFile)

CpuTimer2RegsFile 
*          1    00000c10    00000008     UNINITIALIZED
                  00000c10    00000008     DSP28_GlobalVariableDefs.obj (CpuTimer2RegsFile)

PieCtrlRegsFile 
*          1    00000ce0    0000001a     UNINITIALIZED
                  00000ce0    0000001a     DSP28_GlobalVariableDefs.obj (PieCtrlRegsFile)

PieVectTable 
*          1    00000d00    00000100     UNINITIALIZED
                  00000d00    00000100     DSP28_GlobalVariableDefs.obj (PieVectTable)

ECanaRegsFile 
*          1    00006000    00000034     UNINITIALIZED
                  00006000    00000034     DSP28_GlobalVariableDefs.obj (ECanaRegsFile)

ECanaMboxesFile 
*          1    00006100    00000100     UNINITIALIZED
                  00006100    00000100     DSP28_GlobalVariableDefs.obj (ECanaMboxesFile)

SysCtrlRegsFile 
*          1    00007010    00000020     UNINITIALIZED
                  00007010    00000020     DSP28_GlobalVariableDefs.obj (SysCtrlRegsFile)

SpiaRegsFile 
*          1    00007040    00000010     UNINITIALIZED
                  00007040    00000010     DSP28_GlobalVariableDefs.obj (SpiaRegsFile)

SciaRegsFile 
*          1    00007050    00000010     UNINITIALIZED
                  00007050    00000010     DSP28_GlobalVariableDefs.obj (SciaRegsFile)

XIntruptRegsFile 
*          1    00007070    00000010     UNINITIALIZED
                  00007070    00000010     DSP28_GlobalVariableDefs.obj (XIntruptRegsFile)

GpioMuxRegsFile 
*          1    000070c0    00000020     UNINITIALIZED
                  000070c0    00000020     DSP28_GlobalVariableDefs.obj (GpioMuxRegsFile)

GpioDataRegsFile 
*          1    000070e0    00000020     UNINITIALIZED
                  000070e0    00000020     DSP28_GlobalVariableDefs.obj (GpioDataRegsFile)

AdcRegsFile 
*          1    00007100    0000001a     UNINITIALIZED
                  00007100    0000001a     DSP28_GlobalVariableDefs.obj (AdcRegsFile)

EvaRegsFile 
*          1    00007400    00000032     UNINITIALIZED
                  00007400    00000032     DSP28_GlobalVariableDefs.obj (EvaRegsFile)

EvbRegsFile 
*          1    00007500    00000032     UNINITIALIZED
                  00007500    00000032     DSP28_GlobalVariableDefs.obj (EvbRegsFile)

ScibRegsFile 
*          1    00007750    00000010     UNINITIALIZED
                  00007750    00000010     DSP28_GlobalVariableDefs.obj (ScibRegsFile)

McbspaRegsFile 
*          1    00007800    00000025     UNINITIALIZED
                  00007800    00000025     DSP28_GlobalVariableDefs.obj (McbspaRegsFile)

CsmPwlFile 
*          1    003f7ff8    00000008     UNINITIALIZED
                  003f7ff8    00000008     DSP28_GlobalVariableDefs.obj (CsmPwlFile)

.econst    1    003f9000    00000100     
                  003f9000    00000100     DSP28_PieVect.obj (.econst:_PieVectTableInit)

.bss       1    003f9100    00000084     UNINITIALIZED
                  003f9100    00000080     rts2800n.lib : exit.obj (.bss)
                  003f9180    00000004                  : _lock.obj (.bss)

.ebss      1    003f9184    00000018     UNINITIALIZED
                  003f9184    00000018     DSP28_CpuTimers.obj (.ebss)

MODULE SUMMARY

       Module                         code   ro data   rw data
       ------                         ----   -------   -------
    G:\test\DSP\DSP2812S_SourceCode\SourceCode05_GPIOBuzz\Debug\
       DSP28_GlobalVariableDefs.obj   0      0         1215   
       DSP28_DefaultIsr.obj           330    0         0      
       DSP28_PieVect.obj              32     0         256    
       DSP28_CpuTimers.obj            124    0         24     
       DSP28_Xintf.obj                101    0         0      
       ExamGpiod5.obj                 88     0         0      
       DSP28_SysCtrl.obj              44     0         0      
       DSP28_PieCtrl.obj              33     0         0      
       DSP28_InitPeripherals.obj      17     0         0      
       DSP28_Gpio.obj                 10     0         0      
       DSP28_Adc.obj                  1      0         0      
       DSP28_ECan.obj                 1      0         0      
       DSP28_Ev.obj                   1      0         0      
       DSP28_Mcbsp.obj                1      0         0      
       DSP28_Sci.obj                  1      0         0      
       DSP28_Spi.obj                  1      0         0      
    +--+------------------------------+------+---------+---------+
       Total:                         785    0         1495   
                                                              
    D:/00IC TOP2812/TOP2812_CODE/EX05_GPIOBuzzer/rts2800n.lib
       exit.obj                       62     0         139    
       fs_mpy.obj                     90     0         0      
       boot.obj                       75     0         2      
       fs_tol.obj                     59     0         0      
       _lock.obj                      7      0         12     
    +--+------------------------------+------+---------+---------+
       Total:                         293    0         153    
                                                              
       Stack:                         0      0         1024   
    +--+------------------------------+------+---------+---------+
       Grand Total:                   1078   0         2672   


GLOBAL DATA SYMBOLS: SORTED BY DATA PAGE

address     data page           name
--------    ----------------    ----
00000880      22 (00000880)     _DevEmuRegs

00000a80      2a (00000a80)     _FlashRegs

00000ae0      2b (00000ac0)     _CsmRegs

00000b20      2c (00000b00)     _XintfRegs

00000c00      30 (00000c00)     _CpuTimer0Regs
00000c08      30 (00000c00)     _CpuTimer1Regs
00000c10      30 (00000c00)     _CpuTimer2Regs

00000ce0      33 (00000cc0)     _PieCtrl

00000d00      34 (00000d00)     _PieVectTable

00006000     180 (00006000)     _ECanaRegs

00006100     184 (00006100)     _ECanaMboxes

00007010     1c0 (00007000)     _SysCtrlRegs

00007040     1c1 (00007040)     _SpiaRegs
00007050     1c1 (00007040)     _SciaRegs
00007070     1c1 (00007040)     _XIntruptRegs

000070c0     1c3 (000070c0)     _GpioMuxRegs
000070e0     1c3 (000070c0)     _GpioDataRegs

00007100     1c4 (00007100)     _AdcRegs

00007400     1d0 (00007400)     _EvaRegs

00007500     1d4 (00007500)     _EvbRegs

00007750     1dd (00007740)     _ScibRegs

00007800     1e0 (00007800)     _McbspaRegs

003f7ff8    fdff (003f7fc0)     _CsmPwl

003f9000    fe40 (003f9000)     _PieVectTableInit

003f9102    fe44 (003f9100)     __dtors_ptr
003f9104    fe44 (003f9100)     __cleanup_ptr

003f9180    fe46 (003f9180)     __unlock
003f9182    fe46 (003f9180)     __lock
003f9184    fe46 (003f9180)     _CpuTimer1
003f918c    fe46 (003f9180)     _CpuTimer2
003f9194    fe46 (003f9180)     _CpuTimer0


GLOBAL SYMBOLS: SORTED ALPHABETICALLY BY Name 

page  address   name                 
----  -------   ----                 
1     003f9100  .bss                 
0     003f8000  .text                
0     003f8347  C$$EXIT              
0     003f822b  FS$$MPY              
0     003f8366  FS$$TOL              
0     003f8069  _ADCINT_ISR          
1     00007100  _AdcRegs             
0     003f80b4  _CAPINT1_ISR         
0     003f80b9  _CAPINT2_ISR         
0     003f80be  _CAPINT3_ISR         
0     003f80ff  _CAPINT4_ISR         
0     003f8104  _CAPINT5_ISR         
0     003f8109  _CAPINT6_ISR         
0     003f807d  _CMP1INT_ISR         
0     003f8082  _CMP2INT_ISR         
0     003f8087  _CMP3INT_ISR         
0     003f80c8  _CMP4INT_ISR         
0     003f80cd  _CMP5INT_ISR         
0     003f80d2  _CMP6INT_ISR         
0     003f8185  _ConfigCpuTimer      
1     003f9194  _CpuTimer0           
1     00000c00  _CpuTimer0Regs       
1     003f9184  _CpuTimer1           
1     00000c08  _CpuTimer1Regs       
1     003f918c  _CpuTimer2           
1     00000c10  _CpuTimer2Regs       
1     003f7ff8  _CsmPwl              
1     00000ae0  _CsmRegs             
0     003f8019  _DATALOG_ISR         
0     003f82d3  _Delay               
1     00000880  _DevEmuRegs          
0     003f8136  _ECAN0INTA_ISR       
0     003f813b  _ECAN1INTA_ISR       
1     00006100  _ECanaMboxes         
1     00006000  _ECanaRegs           
0     003f8023  _EMUINT_ISR          
1     00007400  _EvaRegs             
1     00007500  _EvbRegs             
1     00000a80  _FlashRegs           
1     000070e0  _GpioDataRegs        
1     000070c0  _GpioMuxRegs         
0     003f8028  _ILLEGAL_ISR         
0     003f8000  _INT13_ISR           
0     003f8005  _INT14_ISR           
0     003f8430  _InitAdc             
0     003f814a  _InitCpuTimers       
0     003f8431  _InitECan            
0     003f8432  _InitEv              
0     003f841f  _InitGpio            
0     003f8433  _InitMcbsp           
0     003f840e  _InitPeripherals     
0     003f83cd  _InitPieCtrl         
0     003f83ee  _InitPieVectTable    
0     003f8434  _InitSci             
0     003f8435  _InitSpi             
0     003f83a1  _InitSysCtrl         
0     003f81c6  _InitXintf           
0     003f810e  _MRINTA_ISR          
0     003f8113  _MXINTA_ISR          
1     00007800  _McbspaRegs          
0     003f800a  _NMI_ISR             
0     003f8078  _PDPINTA_ISR         
0     003f80c3  _PDPINTB_ISR         
0     003f8140  _PIE_RESERVED        
1     00000ce0  _PieCtrl             
1     00000d00  _PieVectTable        
1     003f9000  _PieVectTableInit    
0     003f801e  _RTOSINT_ISR         
0     003f8122  _SCIRXINTA_ISR       
0     003f812c  _SCIRXINTB_ISR       
0     003f8127  _SCITXINTA_ISR       
0     003f8131  _SCITXINTB_ISR       
0     003f8118  _SPIRXINTA_ISR       
0     003f811d  _SPITXINTA_ISR       
1     00007050  _SciaRegs            
1     00007750  _ScibRegs            
1     00007040  _SpiaRegs            
1     00007010  _SysCtrlRegs         
0     003f8091  _T1CINT_ISR          
0     003f809b  _T1OFINT_ISR         
0     003f808c  _T1PINT_ISR          
0     003f8096  _T1UFINT_ISR         
0     003f80a5  _T2CINT_ISR          
0     003f80af  _T2OFINT_ISR         
0     003f80a0  _T2PINT_ISR          
0     003f80aa  _T2UFINT_ISR         
0     003f80dc  _T3CINT_ISR          
0     003f80e6  _T3OFINT_ISR         
0     003f80d7  _T3PINT_ISR          
0     003f80e1  _T3UFINT_ISR         
0     003f80f0  _T4CINT_ISR          
0     003f80fa  _T4OFINT_ISR         
0     003f80eb  _T4PINT_ISR          
0     003f80f5  _T4UFINT_ISR         
0     003f806e  _TINT0_ISR           
0     003f802d  _USER0_ISR           
0     003f805f  _USER10_ISR          
0     003f8064  _USER11_ISR          
0     003f8032  _USER1_ISR           
0     003f8037  _USER2_ISR           
0     003f803c  _USER3_ISR           
0     003f8041  _USER4_ISR           
0     003f8046  _USER5_ISR           
0     003f804b  _USER6_ISR           
0     003f8050  _USER7_ISR           
0     003f8055  _USER8_ISR           
0     003f805a  _USER9_ISR           
0     003f8073  _WAKEINT_ISR         
0     003f800f  _XINT1_ISR           
0     003f8014  _XINT2_ISR           
1     00007070  _XIntruptRegs        
1     00000b20  _XintfRegs           
1     00000800  __STACK_END          
abs   00000400  __STACK_SIZE         
abs   ffffffff  ___TI_pprof_out_hndl 
abs   ffffffff  ___TI_prof_data_size 
abs   ffffffff  ___TI_prof_data_start
abs   ffffffff  ___binit__           
1     003f9100  ___bss__             
abs   ffffffff  ___c_args__          
0     003f8436  ___cinit__           
1     003f9184  ___end__             
0     003f8436  ___etext__           
abs   ffffffff  ___pinit__           
0     003f8000  ___text__            
1     003f9104  __cleanup_ptr        
1     003f9102  __dtors_ptr          
1     003f9182  __lock               
0     003f8429  __nop                
0     003f842a  __register_lock      
0     003f842d  __register_unlock    
1     003f9180  __unlock             
0     003f8365  _abort               
0     003f8349  _atexit              
0     003f82dd  _c_int00             
0     003f8328  _exit                
0     003f8285  _main                
0     003f8145  _rsvd_ISR            
abs   ffffffff  binit                
0     003f8436  cinit                
1     003f9184  end                  
0     003f8436  etext                
abs   ffffffff  pinit                


GLOBAL SYMBOLS: SORTED BY Symbol Address 

page  address   name                 
----  -------   ----                 
0     003f8000  .text                
0     003f8000  _INT13_ISR           
0     003f8000  ___text__            
0     003f8005  _INT14_ISR           
0     003f800a  _NMI_ISR             
0     003f800f  _XINT1_ISR           
0     003f8014  _XINT2_ISR           
0     003f8019  _DATALOG_ISR         
0     003f801e  _RTOSINT_ISR         
0     003f8023  _EMUINT_ISR          
0     003f8028  _ILLEGAL_ISR         
0     003f802d  _USER0_ISR           
0     003f8032  _USER1_ISR           
0     003f8037  _USER2_ISR           
0     003f803c  _USER3_ISR           
0     003f8041  _USER4_ISR           
0     003f8046  _USER5_ISR           
0     003f804b  _USER6_ISR           
0     003f8050  _USER7_ISR           
0     003f8055  _USER8_ISR           
0     003f805a  _USER9_ISR           
0     003f805f  _USER10_ISR          
0     003f8064  _USER11_ISR          
0     003f8069  _ADCINT_ISR          
0     003f806e  _TINT0_ISR           
0     003f8073  _WAKEINT_ISR         
0     003f8078  _PDPINTA_ISR         
0     003f807d  _CMP1INT_ISR         
0     003f8082  _CMP2INT_ISR         
0     003f8087  _CMP3INT_ISR         
0     003f808c  _T1PINT_ISR          
0     003f8091  _T1CINT_ISR          
0     003f8096  _T1UFINT_ISR         
0     003f809b  _T1OFINT_ISR         
0     003f80a0  _T2PINT_ISR          
0     003f80a5  _T2CINT_ISR          
0     003f80aa  _T2UFINT_ISR         
0     003f80af  _T2OFINT_ISR         
0     003f80b4  _CAPINT1_ISR         
0     003f80b9  _CAPINT2_ISR         
0     003f80be  _CAPINT3_ISR         
0     003f80c3  _PDPINTB_ISR         
0     003f80c8  _CMP4INT_ISR         
0     003f80cd  _CMP5INT_ISR         
0     003f80d2  _CMP6INT_ISR         
0     003f80d7  _T3PINT_ISR          
0     003f80dc  _T3CINT_ISR          
0     003f80e1  _T3UFINT_ISR         
0     003f80e6  _T3OFINT_ISR         
0     003f80eb  _T4PINT_ISR          
0     003f80f0  _T4CINT_ISR          
0     003f80f5  _T4UFINT_ISR         
0     003f80fa  _T4OFINT_ISR         
0     003f80ff  _CAPINT4_ISR         
0     003f8104  _CAPINT5_ISR         
0     003f8109  _CAPINT6_ISR         
0     003f810e  _MRINTA_ISR          
0     003f8113  _MXINTA_ISR          
0     003f8118  _SPIRXINTA_ISR       
0     003f811d  _SPITXINTA_ISR       
0     003f8122  _SCIRXINTA_ISR       
0     003f8127  _SCITXINTA_ISR       
0     003f812c  _SCIRXINTB_ISR       
0     003f8131  _SCITXINTB_ISR       
0     003f8136  _ECAN0INTA_ISR       
0     003f813b  _ECAN1INTA_ISR       
0     003f8140  _PIE_RESERVED        
0     003f8145  _rsvd_ISR            
0     003f814a  _InitCpuTimers       
0     003f8185  _ConfigCpuTimer      
0     003f81c6  _InitXintf           
0     003f822b  FS$$MPY              
0     003f8285  _main                
0     003f82d3  _Delay               
0     003f82dd  _c_int00             
0     003f8328  _exit                
0     003f8347  C$$EXIT              
0     003f8349  _atexit              
0     003f8365  _abort               
0     003f8366  FS$$TOL              
0     003f83a1  _InitSysCtrl         
0     003f83cd  _InitPieCtrl         
0     003f83ee  _InitPieVectTable    
0     003f840e  _InitPeripherals     
0     003f841f  _InitGpio            
0     003f8429  __nop                
0     003f842a  __register_lock      
0     003f842d  __register_unlock    
0     003f8430  _InitAdc             
0     003f8431  _InitECan            
0     003f8432  _InitEv              
0     003f8433  _InitMcbsp           
0     003f8434  _InitSci             
0     003f8435  _InitSpi             
0     003f8436  ___cinit__           
0     003f8436  ___etext__           
0     003f8436  cinit                
0     003f8436  etext                
1     00000800  __STACK_END          
1     00000880  _DevEmuRegs          
1     00000a80  _FlashRegs           
1     00000ae0  _CsmRegs             
1     00000b20  _XintfRegs           
1     00000c00  _CpuTimer0Regs       
1     00000c08  _CpuTimer1Regs       
1     00000c10  _CpuTimer2Regs       
1     00000ce0  _PieCtrl             
1     00000d00  _PieVectTable        
1     00006000  _ECanaRegs           
1     00006100  _ECanaMboxes         
1     00007010  _SysCtrlRegs         
1     00007040  _SpiaRegs            
1     00007050  _SciaRegs            
1     00007070  _XIntruptRegs        
1     000070c0  _GpioMuxRegs         
1     000070e0  _GpioDataRegs        
1     00007100  _AdcRegs             
1     00007400  _EvaRegs             
1     00007500  _EvbRegs             
1     00007750  _ScibRegs            
1     00007800  _McbspaRegs          
1     003f7ff8  _CsmPwl              
1     003f9000  _PieVectTableInit    
1     003f9100  .bss                 
1     003f9100  ___bss__             
1     003f9102  __dtors_ptr          
1     003f9104  __cleanup_ptr        
1     003f9180  __unlock             
1     003f9182  __lock               
1     003f9184  _CpuTimer1           
1     003f9184  ___end__             
1     003f9184  end                  
1     003f918c  _CpuTimer2           
1     003f9194  _CpuTimer0           
abs   00000400  __STACK_SIZE         
abs   ffffffff  ___TI_pprof_out_hndl 
abs   ffffffff  ___TI_prof_data_size 
abs   ffffffff  ___TI_prof_data_start
abs   ffffffff  ___binit__           
abs   ffffffff  ___c_args__          
abs   ffffffff  ___pinit__           
abs   ffffffff  binit                
abs   ffffffff  pinit                

[143 symbols]
