<?xml version="1.0"?>
<link_info>
   <banner>TMS320C2000 Linker PC v15.12.7.LTS</banner>
   <copyright>Copyright (c) 1996-2017 Texas Instruments Incorporated</copyright>
   <link_time>0x5a2e8653</link_time>
   <link_errors>0x0</link_errors>
   <output_file>D:/00IC TOP2812/TOP2812_CODE/EX05_GPIOBuzzer/gpio/../Debug/gpio.out</output_file>
   <entry_point>
      <name>_c_int00</name>
      <address>0x3f82dd</address>
   </entry_point>
   <input_file_list>
      <input_file id="fl-2">
         <path>G:\test\DSP\DSP2812S_SourceCode\SourceCode05_GPIOBuzz\Debug\</path>
         <kind>object</kind>
         <file>DSP28_Adc.obj</file>
         <name>DSP28_Adc.obj</name>
      </input_file>
      <input_file id="fl-3">
         <path>G:\test\DSP\DSP2812S_SourceCode\SourceCode05_GPIOBuzz\Debug\</path>
         <kind>object</kind>
         <file>DSP28_CpuTimers.obj</file>
         <name>DSP28_CpuTimers.obj</name>
      </input_file>
      <input_file id="fl-4">
         <path>G:\test\DSP\DSP2812S_SourceCode\SourceCode05_GPIOBuzz\Debug\</path>
         <kind>object</kind>
         <file>DSP28_DefaultIsr.obj</file>
         <name>DSP28_DefaultIsr.obj</name>
      </input_file>
      <input_file id="fl-5">
         <path>G:\test\DSP\DSP2812S_SourceCode\SourceCode05_GPIOBuzz\Debug\</path>
         <kind>object</kind>
         <file>DSP28_ECan.obj</file>
         <name>DSP28_ECan.obj</name>
      </input_file>
      <input_file id="fl-6">
         <path>G:\test\DSP\DSP2812S_SourceCode\SourceCode05_GPIOBuzz\Debug\</path>
         <kind>object</kind>
         <file>DSP28_Ev.obj</file>
         <name>DSP28_Ev.obj</name>
      </input_file>
      <input_file id="fl-7">
         <path>G:\test\DSP\DSP2812S_SourceCode\SourceCode05_GPIOBuzz\Debug\</path>
         <kind>object</kind>
         <file>DSP28_GlobalVariableDefs.obj</file>
         <name>DSP28_GlobalVariableDefs.obj</name>
      </input_file>
      <input_file id="fl-8">
         <path>G:\test\DSP\DSP2812S_SourceCode\SourceCode05_GPIOBuzz\Debug\</path>
         <kind>object</kind>
         <file>DSP28_Gpio.obj</file>
         <name>DSP28_Gpio.obj</name>
      </input_file>
      <input_file id="fl-9">
         <path>G:\test\DSP\DSP2812S_SourceCode\SourceCode05_GPIOBuzz\Debug\</path>
         <kind>object</kind>
         <file>DSP28_InitPeripherals.obj</file>
         <name>DSP28_InitPeripherals.obj</name>
      </input_file>
      <input_file id="fl-a">
         <path>G:\test\DSP\DSP2812S_SourceCode\SourceCode05_GPIOBuzz\Debug\</path>
         <kind>object</kind>
         <file>DSP28_Mcbsp.obj</file>
         <name>DSP28_Mcbsp.obj</name>
      </input_file>
      <input_file id="fl-b">
         <path>G:\test\DSP\DSP2812S_SourceCode\SourceCode05_GPIOBuzz\Debug\</path>
         <kind>object</kind>
         <file>DSP28_PieCtrl.obj</file>
         <name>DSP28_PieCtrl.obj</name>
      </input_file>
      <input_file id="fl-c">
         <path>G:\test\DSP\DSP2812S_SourceCode\SourceCode05_GPIOBuzz\Debug\</path>
         <kind>object</kind>
         <file>DSP28_PieVect.obj</file>
         <name>DSP28_PieVect.obj</name>
      </input_file>
      <input_file id="fl-d">
         <path>G:\test\DSP\DSP2812S_SourceCode\SourceCode05_GPIOBuzz\Debug\</path>
         <kind>object</kind>
         <file>DSP28_Sci.obj</file>
         <name>DSP28_Sci.obj</name>
      </input_file>
      <input_file id="fl-e">
         <path>G:\test\DSP\DSP2812S_SourceCode\SourceCode05_GPIOBuzz\Debug\</path>
         <kind>object</kind>
         <file>DSP28_Spi.obj</file>
         <name>DSP28_Spi.obj</name>
      </input_file>
      <input_file id="fl-f">
         <path>G:\test\DSP\DSP2812S_SourceCode\SourceCode05_GPIOBuzz\Debug\</path>
         <kind>object</kind>
         <file>DSP28_SysCtrl.obj</file>
         <name>DSP28_SysCtrl.obj</name>
      </input_file>
      <input_file id="fl-10">
         <path>G:\test\DSP\DSP2812S_SourceCode\SourceCode05_GPIOBuzz\Debug\</path>
         <kind>object</kind>
         <file>DSP28_XIntrupt.obj</file>
         <name>DSP28_XIntrupt.obj</name>
      </input_file>
      <input_file id="fl-11">
         <path>G:\test\DSP\DSP2812S_SourceCode\SourceCode05_GPIOBuzz\Debug\</path>
         <kind>object</kind>
         <file>DSP28_Xintf.obj</file>
         <name>DSP28_Xintf.obj</name>
      </input_file>
      <input_file id="fl-12">
         <path>G:\test\DSP\DSP2812S_SourceCode\SourceCode05_GPIOBuzz\Debug\</path>
         <kind>object</kind>
         <file>ExamGpiod5.obj</file>
         <name>ExamGpiod5.obj</name>
      </input_file>
      <input_file id="fl-16">
         <kind>object</kind>
         <file>&lt;internal&gt;</file>
         <name>&lt;internal&gt;</name>
      </input_file>
      <input_file id="fl-17">
         <path>D:\00IC TOP2812\TOP2812_CODE\EX05_GPIOBuzzer\</path>
         <kind>archive</kind>
         <file>rts2800n.lib</file>
         <name>boot.obj</name>
      </input_file>
      <input_file id="fl-18">
         <path>D:\00IC TOP2812\TOP2812_CODE\EX05_GPIOBuzzer\</path>
         <kind>archive</kind>
         <file>rts2800n.lib</file>
         <name>exit.obj</name>
      </input_file>
      <input_file id="fl-19">
         <path>D:\00IC TOP2812\TOP2812_CODE\EX05_GPIOBuzzer\</path>
         <kind>archive</kind>
         <file>rts2800n.lib</file>
         <name>fs_mpy.obj</name>
      </input_file>
      <input_file id="fl-1a">
         <path>D:\00IC TOP2812\TOP2812_CODE\EX05_GPIOBuzzer\</path>
         <kind>archive</kind>
         <file>rts2800n.lib</file>
         <name>fs_tol.obj</name>
      </input_file>
      <input_file id="fl-1b">
         <path>D:\00IC TOP2812\TOP2812_CODE\EX05_GPIOBuzzer\</path>
         <kind>archive</kind>
         <file>rts2800n.lib</file>
         <name>_lock.obj</name>
      </input_file>
   </input_file_list>
   <object_component_list>
      <object_component id="oc-90">
         <name>.reset</name>
         <load_address>0x3f844b</load_address>
         <run_address>0x3f844b</run_address>
         <size>0x2</size>
         <input_file_ref idref="fl-17"/>
      </object_component>
      <object_component id="oc-30">
         <name>.text:retain</name>
         <load_address>0x3f8000</load_address>
         <run_address>0x3f8000</run_address>
         <size>0x14a</size>
         <input_file_ref idref="fl-4"/>
      </object_component>
      <object_component id="oc-a1">
         <name>.text</name>
         <load_address>0x3f814a</load_address>
         <run_address>0x3f814a</run_address>
         <size>0x7c</size>
         <input_file_ref idref="fl-3"/>
      </object_component>
      <object_component id="oc-a0">
         <name>.text</name>
         <load_address>0x3f81c6</load_address>
         <run_address>0x3f81c6</run_address>
         <size>0x65</size>
         <input_file_ref idref="fl-11"/>
      </object_component>
      <object_component id="oc-94">
         <name>.text</name>
         <load_address>0x3f822b</load_address>
         <run_address>0x3f822b</run_address>
         <size>0x5a</size>
         <input_file_ref idref="fl-19"/>
      </object_component>
      <object_component id="oc-99">
         <name>.text</name>
         <load_address>0x3f8285</load_address>
         <run_address>0x3f8285</run_address>
         <size>0x58</size>
         <input_file_ref idref="fl-12"/>
      </object_component>
      <object_component id="oc-23">
         <name>.text</name>
         <load_address>0x3f82dd</load_address>
         <run_address>0x3f82dd</run_address>
         <size>0x4b</size>
         <input_file_ref idref="fl-17"/>
      </object_component>
      <object_component id="oc-91">
         <name>.text</name>
         <load_address>0x3f8328</load_address>
         <run_address>0x3f8328</run_address>
         <size>0x3e</size>
         <input_file_ref idref="fl-18"/>
      </object_component>
      <object_component id="oc-95">
         <name>.text</name>
         <load_address>0x3f8366</load_address>
         <run_address>0x3f8366</run_address>
         <size>0x3b</size>
         <input_file_ref idref="fl-1a"/>
      </object_component>
      <object_component id="oc-9a">
         <name>.text</name>
         <load_address>0x3f83a1</load_address>
         <run_address>0x3f83a1</run_address>
         <size>0x2c</size>
         <input_file_ref idref="fl-f"/>
      </object_component>
      <object_component id="oc-9b">
         <name>.text</name>
         <load_address>0x3f83cd</load_address>
         <run_address>0x3f83cd</run_address>
         <size>0x21</size>
         <input_file_ref idref="fl-b"/>
      </object_component>
      <object_component id="oc-9c">
         <name>.text</name>
         <load_address>0x3f83ee</load_address>
         <run_address>0x3f83ee</run_address>
         <size>0x20</size>
         <input_file_ref idref="fl-c"/>
      </object_component>
      <object_component id="oc-9d">
         <name>.text</name>
         <load_address>0x3f840e</load_address>
         <run_address>0x3f840e</run_address>
         <size>0x11</size>
         <input_file_ref idref="fl-9"/>
      </object_component>
      <object_component id="oc-9e">
         <name>.text</name>
         <load_address>0x3f841f</load_address>
         <run_address>0x3f841f</run_address>
         <size>0xa</size>
         <input_file_ref idref="fl-8"/>
      </object_component>
      <object_component id="oc-96">
         <name>.text</name>
         <load_address>0x3f8429</load_address>
         <run_address>0x3f8429</run_address>
         <size>0x7</size>
         <input_file_ref idref="fl-1b"/>
      </object_component>
      <object_component id="oc-a4">
         <name>.text</name>
         <load_address>0x3f8430</load_address>
         <run_address>0x3f8430</run_address>
         <size>0x1</size>
         <input_file_ref idref="fl-2"/>
      </object_component>
      <object_component id="oc-a5">
         <name>.text</name>
         <load_address>0x3f8431</load_address>
         <run_address>0x3f8431</run_address>
         <size>0x1</size>
         <input_file_ref idref="fl-5"/>
      </object_component>
      <object_component id="oc-a3">
         <name>.text</name>
         <load_address>0x3f8432</load_address>
         <run_address>0x3f8432</run_address>
         <size>0x1</size>
         <input_file_ref idref="fl-6"/>
      </object_component>
      <object_component id="oc-a2">
         <name>.text</name>
         <load_address>0x3f8433</load_address>
         <run_address>0x3f8433</run_address>
         <size>0x1</size>
         <input_file_ref idref="fl-a"/>
      </object_component>
      <object_component id="oc-a7">
         <name>.text</name>
         <load_address>0x3f8434</load_address>
         <run_address>0x3f8434</run_address>
         <size>0x1</size>
         <input_file_ref idref="fl-d"/>
      </object_component>
      <object_component id="oc-a6">
         <name>.text</name>
         <load_address>0x3f8435</load_address>
         <run_address>0x3f8435</run_address>
         <size>0x1</size>
         <input_file_ref idref="fl-e"/>
      </object_component>
      <object_component id="oc-93">
         <name>.cinit</name>
         <load_address>0x3f8436</load_address>
         <run_address>0x3f8436</run_address>
         <size>0xb</size>
         <input_file_ref idref="fl-18"/>
      </object_component>
      <object_component id="oc-98">
         <name>.cinit</name>
         <load_address>0x3f8441</load_address>
         <run_address>0x3f8441</run_address>
         <size>0x8</size>
         <input_file_ref idref="fl-1b"/>
      </object_component>
      <object_component id="oc-8f">
         <name>.stack</name>
         <uninitialized>true</uninitialized>
         <run_address>0x400</run_address>
         <size>0x0</size>
         <input_file_ref idref="fl-17"/>
      </object_component>
      <object_component id="oc-d5">
         <name>.stack</name>
         <uninitialized>true</uninitialized>
         <run_address>0x400</run_address>
         <size>0x0</size>
      </object_component>
      <object_component id="oc-92">
         <name>.bss</name>
         <uninitialized>true</uninitialized>
         <run_address>0x3f9100</run_address>
         <size>0x80</size>
         <input_file_ref idref="fl-18"/>
      </object_component>
      <object_component id="oc-97">
         <name>.bss</name>
         <uninitialized>true</uninitialized>
         <run_address>0x3f9180</run_address>
         <size>0x4</size>
         <input_file_ref idref="fl-1b"/>
      </object_component>
      <object_component id="oc-2a">
         <name>.ebss</name>
         <uninitialized>true</uninitialized>
         <run_address>0x3f9184</run_address>
         <size>0x18</size>
         <input_file_ref idref="fl-3"/>
      </object_component>
      <object_component id="oc-9f">
         <name>.econst:_PieVectTableInit</name>
         <load_address>0x3f9000</load_address>
         <run_address>0x3f9000</run_address>
         <size>0x100</size>
         <input_file_ref idref="fl-c"/>
      </object_component>
      <object_component id="oc-54">
         <name>DevEmuRegsFile</name>
         <uninitialized>true</uninitialized>
         <run_address>0x880</run_address>
         <size>0xd6</size>
         <input_file_ref idref="fl-7"/>
      </object_component>
      <object_component id="oc-40">
         <name>FlashRegsFile</name>
         <uninitialized>true</uninitialized>
         <run_address>0xa80</run_address>
         <size>0x8</size>
         <input_file_ref idref="fl-7"/>
      </object_component>
      <object_component id="oc-47">
         <name>CsmRegsFile</name>
         <uninitialized>true</uninitialized>
         <run_address>0xae0</run_address>
         <size>0x10</size>
         <input_file_ref idref="fl-7"/>
      </object_component>
      <object_component id="oc-4d">
         <name>XintfRegsFile</name>
         <uninitialized>true</uninitialized>
         <run_address>0xb20</run_address>
         <size>0x20</size>
         <input_file_ref idref="fl-7"/>
      </object_component>
      <object_component id="oc-43">
         <name>CpuTimer0RegsFile</name>
         <uninitialized>true</uninitialized>
         <run_address>0xc00</run_address>
         <size>0x8</size>
         <input_file_ref idref="fl-7"/>
      </object_component>
      <object_component id="oc-44">
         <name>CpuTimer1RegsFile</name>
         <uninitialized>true</uninitialized>
         <run_address>0xc08</run_address>
         <size>0x8</size>
         <input_file_ref idref="fl-7"/>
      </object_component>
      <object_component id="oc-42">
         <name>CpuTimer2RegsFile</name>
         <uninitialized>true</uninitialized>
         <run_address>0xc10</run_address>
         <size>0x8</size>
         <input_file_ref idref="fl-7"/>
      </object_component>
      <object_component id="oc-4a">
         <name>PieCtrlRegsFile</name>
         <uninitialized>true</uninitialized>
         <run_address>0xce0</run_address>
         <size>0x1a</size>
         <input_file_ref idref="fl-7"/>
      </object_component>
      <object_component id="oc-55">
         <name>PieVectTable</name>
         <uninitialized>true</uninitialized>
         <run_address>0xd00</run_address>
         <size>0x100</size>
         <input_file_ref idref="fl-7"/>
      </object_component>
      <object_component id="oc-53">
         <name>ECanaRegsFile</name>
         <uninitialized>true</uninitialized>
         <run_address>0x6000</run_address>
         <size>0x34</size>
         <input_file_ref idref="fl-7"/>
      </object_component>
      <object_component id="oc-56">
         <name>ECanaMboxesFile</name>
         <uninitialized>true</uninitialized>
         <run_address>0x6100</run_address>
         <size>0x100</size>
         <input_file_ref idref="fl-7"/>
      </object_component>
      <object_component id="oc-4c">
         <name>SysCtrlRegsFile</name>
         <uninitialized>true</uninitialized>
         <run_address>0x7010</run_address>
         <size>0x20</size>
         <input_file_ref idref="fl-7"/>
      </object_component>
      <object_component id="oc-48">
         <name>SpiaRegsFile</name>
         <uninitialized>true</uninitialized>
         <run_address>0x7040</run_address>
         <size>0x10</size>
         <input_file_ref idref="fl-7"/>
      </object_component>
      <object_component id="oc-46">
         <name>SciaRegsFile</name>
         <uninitialized>true</uninitialized>
         <run_address>0x7050</run_address>
         <size>0x10</size>
         <input_file_ref idref="fl-7"/>
      </object_component>
      <object_component id="oc-49">
         <name>XIntruptRegsFile</name>
         <uninitialized>true</uninitialized>
         <run_address>0x7070</run_address>
         <size>0x10</size>
         <input_file_ref idref="fl-7"/>
      </object_component>
      <object_component id="oc-4f">
         <name>GpioMuxRegsFile</name>
         <uninitialized>true</uninitialized>
         <run_address>0x70c0</run_address>
         <size>0x20</size>
         <input_file_ref idref="fl-7"/>
      </object_component>
      <object_component id="oc-4e">
         <name>GpioDataRegsFile</name>
         <uninitialized>true</uninitialized>
         <run_address>0x70e0</run_address>
         <size>0x20</size>
         <input_file_ref idref="fl-7"/>
      </object_component>
      <object_component id="oc-4b">
         <name>AdcRegsFile</name>
         <uninitialized>true</uninitialized>
         <run_address>0x7100</run_address>
         <size>0x1a</size>
         <input_file_ref idref="fl-7"/>
      </object_component>
      <object_component id="oc-51">
         <name>EvaRegsFile</name>
         <uninitialized>true</uninitialized>
         <run_address>0x7400</run_address>
         <size>0x32</size>
         <input_file_ref idref="fl-7"/>
      </object_component>
      <object_component id="oc-52">
         <name>EvbRegsFile</name>
         <uninitialized>true</uninitialized>
         <run_address>0x7500</run_address>
         <size>0x32</size>
         <input_file_ref idref="fl-7"/>
      </object_component>
      <object_component id="oc-45">
         <name>ScibRegsFile</name>
         <uninitialized>true</uninitialized>
         <run_address>0x7750</run_address>
         <size>0x10</size>
         <input_file_ref idref="fl-7"/>
      </object_component>
      <object_component id="oc-50">
         <name>McbspaRegsFile</name>
         <uninitialized>true</uninitialized>
         <run_address>0x7800</run_address>
         <size>0x25</size>
         <input_file_ref idref="fl-7"/>
      </object_component>
      <object_component id="oc-41">
         <name>CsmPwlFile</name>
         <uninitialized>true</uninitialized>
         <run_address>0x3f7ff8</run_address>
         <size>0x8</size>
         <input_file_ref idref="fl-7"/>
      </object_component>
      <object_component id="oc-24">
         <name>.debug_info</name>
         <load_address>0x0</load_address>
         <run_address>0x0</run_address>
         <size>0x372</size>
         <input_file_ref idref="fl-2"/>
      </object_component>
      <object_component id="oc-29">
         <name>.debug_info</name>
         <load_address>0x372</load_address>
         <run_address>0x372</run_address>
         <size>0xa17</size>
         <input_file_ref idref="fl-3"/>
      </object_component>
      <object_component id="oc-2f">
         <name>.debug_info</name>
         <load_address>0xd89</load_address>
         <run_address>0xd89</run_address>
         <size>0x2e8b</size>
         <input_file_ref idref="fl-4"/>
      </object_component>
      <object_component id="oc-35">
         <name>.debug_info</name>
         <load_address>0x3c14</load_address>
         <run_address>0x3c14</run_address>
         <size>0x377</size>
         <input_file_ref idref="fl-5"/>
      </object_component>
      <object_component id="oc-3a">
         <name>.debug_info</name>
         <load_address>0x3f8b</load_address>
         <run_address>0x3f8b</run_address>
         <size>0x36d</size>
         <input_file_ref idref="fl-6"/>
      </object_component>
      <object_component id="oc-3f">
         <name>.debug_info</name>
         <load_address>0x42f8</load_address>
         <run_address>0x42f8</run_address>
         <size>0x1256e</size>
         <input_file_ref idref="fl-7"/>
      </object_component>
      <object_component id="oc-58">
         <name>.debug_info</name>
         <load_address>0x16866</load_address>
         <run_address>0x16866</run_address>
         <size>0x1b69</size>
         <input_file_ref idref="fl-8"/>
      </object_component>
      <object_component id="oc-5d">
         <name>.debug_info</name>
         <load_address>0x183cf</load_address>
         <run_address>0x183cf</run_address>
         <size>0x4e0</size>
         <input_file_ref idref="fl-9"/>
      </object_component>
      <object_component id="oc-62">
         <name>.debug_info</name>
         <load_address>0x188af</load_address>
         <run_address>0x188af</run_address>
         <size>0x37c</size>
         <input_file_ref idref="fl-a"/>
      </object_component>
      <object_component id="oc-67">
         <name>.debug_info</name>
         <load_address>0x18c2b</load_address>
         <run_address>0x18c2b</run_address>
         <size>0xaa2</size>
         <input_file_ref idref="fl-b"/>
      </object_component>
      <object_component id="oc-6c">
         <name>.debug_info</name>
         <load_address>0x196cd</load_address>
         <run_address>0x196cd</run_address>
         <size>0x203b</size>
         <input_file_ref idref="fl-c"/>
      </object_component>
      <object_component id="oc-71">
         <name>.debug_info</name>
         <load_address>0x1b708</load_address>
         <run_address>0x1b708</run_address>
         <size>0x372</size>
         <input_file_ref idref="fl-d"/>
      </object_component>
      <object_component id="oc-76">
         <name>.debug_info</name>
         <load_address>0x1ba7a</load_address>
         <run_address>0x1ba7a</run_address>
         <size>0x372</size>
         <input_file_ref idref="fl-e"/>
      </object_component>
      <object_component id="oc-7b">
         <name>.debug_info</name>
         <load_address>0x1bdec</load_address>
         <run_address>0x1bdec</run_address>
         <size>0xba5</size>
         <input_file_ref idref="fl-f"/>
      </object_component>
      <object_component id="oc-80">
         <name>.debug_info</name>
         <load_address>0x1c991</load_address>
         <run_address>0x1c991</run_address>
         <size>0x2da</size>
         <input_file_ref idref="fl-10"/>
      </object_component>
      <object_component id="oc-85">
         <name>.debug_info</name>
         <load_address>0x1cc6b</load_address>
         <run_address>0x1cc6b</run_address>
         <size>0x8e9</size>
         <input_file_ref idref="fl-11"/>
      </object_component>
      <object_component id="oc-8a">
         <name>.debug_info</name>
         <load_address>0x1d554</load_address>
         <run_address>0x1d554</run_address>
         <size>0x2984</size>
         <input_file_ref idref="fl-12"/>
      </object_component>
      <object_component id="oc-d6">
         <name>.debug_info</name>
         <load_address>0x1fed8</load_address>
         <run_address>0x1fed8</run_address>
         <size>0xac</size>
      </object_component>
      <object_component id="oc-25">
         <name>.debug_frame</name>
         <load_address>0x0</load_address>
         <run_address>0x0</run_address>
         <size>0x7c</size>
         <input_file_ref idref="fl-2"/>
      </object_component>
      <object_component id="oc-2b">
         <name>.debug_frame</name>
         <load_address>0x7c</load_address>
         <run_address>0x7c</run_address>
         <size>0x98</size>
         <input_file_ref idref="fl-3"/>
      </object_component>
      <object_component id="oc-31">
         <name>.debug_frame</name>
         <load_address>0x114</load_address>
         <run_address>0x114</run_address>
         <size>0x694</size>
         <input_file_ref idref="fl-4"/>
      </object_component>
      <object_component id="oc-36">
         <name>.debug_frame</name>
         <load_address>0x7a8</load_address>
         <run_address>0x7a8</run_address>
         <size>0x7c</size>
         <input_file_ref idref="fl-5"/>
      </object_component>
      <object_component id="oc-3b">
         <name>.debug_frame</name>
         <load_address>0x824</load_address>
         <run_address>0x824</run_address>
         <size>0x7c</size>
         <input_file_ref idref="fl-6"/>
      </object_component>
      <object_component id="oc-59">
         <name>.debug_frame</name>
         <load_address>0x8a0</load_address>
         <run_address>0x8a0</run_address>
         <size>0x7c</size>
         <input_file_ref idref="fl-8"/>
      </object_component>
      <object_component id="oc-5e">
         <name>.debug_frame</name>
         <load_address>0x91c</load_address>
         <run_address>0x91c</run_address>
         <size>0x7c</size>
         <input_file_ref idref="fl-9"/>
      </object_component>
      <object_component id="oc-63">
         <name>.debug_frame</name>
         <load_address>0x998</load_address>
         <run_address>0x998</run_address>
         <size>0x7c</size>
         <input_file_ref idref="fl-a"/>
      </object_component>
      <object_component id="oc-68">
         <name>.debug_frame</name>
         <load_address>0xa14</load_address>
         <run_address>0xa14</run_address>
         <size>0x7c</size>
         <input_file_ref idref="fl-b"/>
      </object_component>
      <object_component id="oc-6d">
         <name>.debug_frame</name>
         <load_address>0xa90</load_address>
         <run_address>0xa90</run_address>
         <size>0x80</size>
         <input_file_ref idref="fl-c"/>
      </object_component>
      <object_component id="oc-72">
         <name>.debug_frame</name>
         <load_address>0xb10</load_address>
         <run_address>0xb10</run_address>
         <size>0x7c</size>
         <input_file_ref idref="fl-d"/>
      </object_component>
      <object_component id="oc-77">
         <name>.debug_frame</name>
         <load_address>0xb8c</load_address>
         <run_address>0xb8c</run_address>
         <size>0x7c</size>
         <input_file_ref idref="fl-e"/>
      </object_component>
      <object_component id="oc-7c">
         <name>.debug_frame</name>
         <load_address>0xc08</load_address>
         <run_address>0xc08</run_address>
         <size>0x80</size>
         <input_file_ref idref="fl-f"/>
      </object_component>
      <object_component id="oc-81">
         <name>.debug_frame</name>
         <load_address>0xc88</load_address>
         <run_address>0xc88</run_address>
         <size>0x64</size>
         <input_file_ref idref="fl-10"/>
      </object_component>
      <object_component id="oc-86">
         <name>.debug_frame</name>
         <load_address>0xcec</load_address>
         <run_address>0xcec</run_address>
         <size>0x7c</size>
         <input_file_ref idref="fl-11"/>
      </object_component>
      <object_component id="oc-8b">
         <name>.debug_frame</name>
         <load_address>0xd68</load_address>
         <run_address>0xd68</run_address>
         <size>0x98</size>
         <input_file_ref idref="fl-12"/>
      </object_component>
      <object_component id="oc-26">
         <name>.debug_line</name>
         <load_address>0x0</load_address>
         <run_address>0x0</run_address>
         <size>0x6a</size>
         <input_file_ref idref="fl-2"/>
      </object_component>
      <object_component id="oc-2c">
         <name>.debug_line</name>
         <load_address>0x6a</load_address>
         <run_address>0x6a</run_address>
         <size>0xaf</size>
         <input_file_ref idref="fl-3"/>
      </object_component>
      <object_component id="oc-32">
         <name>.debug_line</name>
         <load_address>0x119</load_address>
         <run_address>0x119</run_address>
         <size>0x644</size>
         <input_file_ref idref="fl-4"/>
      </object_component>
      <object_component id="oc-37">
         <name>.debug_line</name>
         <load_address>0x75d</load_address>
         <run_address>0x75d</run_address>
         <size>0x6b</size>
         <input_file_ref idref="fl-5"/>
      </object_component>
      <object_component id="oc-3c">
         <name>.debug_line</name>
         <load_address>0x7c8</load_address>
         <run_address>0x7c8</run_address>
         <size>0x69</size>
         <input_file_ref idref="fl-6"/>
      </object_component>
      <object_component id="oc-5a">
         <name>.debug_line</name>
         <load_address>0x831</load_address>
         <run_address>0x831</run_address>
         <size>0x77</size>
         <input_file_ref idref="fl-8"/>
      </object_component>
      <object_component id="oc-5f">
         <name>.debug_line</name>
         <load_address>0x8a8</load_address>
         <run_address>0x8a8</run_address>
         <size>0x86</size>
         <input_file_ref idref="fl-9"/>
      </object_component>
      <object_component id="oc-64">
         <name>.debug_line</name>
         <load_address>0x92e</load_address>
         <run_address>0x92e</run_address>
         <size>0x6c</size>
         <input_file_ref idref="fl-a"/>
      </object_component>
      <object_component id="oc-69">
         <name>.debug_line</name>
         <load_address>0x99a</load_address>
         <run_address>0x99a</run_address>
         <size>0x8d</size>
         <input_file_ref idref="fl-b"/>
      </object_component>
      <object_component id="oc-6e">
         <name>.debug_line</name>
         <load_address>0xa27</load_address>
         <run_address>0xa27</run_address>
         <size>0x8f</size>
         <input_file_ref idref="fl-c"/>
      </object_component>
      <object_component id="oc-73">
         <name>.debug_line</name>
         <load_address>0xab6</load_address>
         <run_address>0xab6</run_address>
         <size>0x6a</size>
         <input_file_ref idref="fl-d"/>
      </object_component>
      <object_component id="oc-78">
         <name>.debug_line</name>
         <load_address>0xb20</load_address>
         <run_address>0xb20</run_address>
         <size>0x6a</size>
         <input_file_ref idref="fl-e"/>
      </object_component>
      <object_component id="oc-7d">
         <name>.debug_line</name>
         <load_address>0xb8a</load_address>
         <run_address>0xb8a</run_address>
         <size>0x8e</size>
         <input_file_ref idref="fl-f"/>
      </object_component>
      <object_component id="oc-82">
         <name>.debug_line</name>
         <load_address>0xc18</load_address>
         <run_address>0xc18</run_address>
         <size>0x5e</size>
         <input_file_ref idref="fl-10"/>
      </object_component>
      <object_component id="oc-87">
         <name>.debug_line</name>
         <load_address>0xc76</load_address>
         <run_address>0xc76</run_address>
         <size>0x97</size>
         <input_file_ref idref="fl-11"/>
      </object_component>
      <object_component id="oc-8c">
         <name>.debug_line</name>
         <load_address>0xd0d</load_address>
         <run_address>0xd0d</run_address>
         <size>0xb7</size>
         <input_file_ref idref="fl-12"/>
      </object_component>
      <object_component id="oc-27">
         <name>.debug_abbrev</name>
         <load_address>0x0</load_address>
         <run_address>0x0</run_address>
         <size>0x63</size>
         <input_file_ref idref="fl-2"/>
      </object_component>
      <object_component id="oc-2d">
         <name>.debug_abbrev</name>
         <load_address>0x63</load_address>
         <run_address>0x63</run_address>
         <size>0x10b</size>
         <input_file_ref idref="fl-3"/>
      </object_component>
      <object_component id="oc-33">
         <name>.debug_abbrev</name>
         <load_address>0x16e</load_address>
         <run_address>0x16e</run_address>
         <size>0xa8</size>
         <input_file_ref idref="fl-4"/>
      </object_component>
      <object_component id="oc-38">
         <name>.debug_abbrev</name>
         <load_address>0x216</load_address>
         <run_address>0x216</run_address>
         <size>0x63</size>
         <input_file_ref idref="fl-5"/>
      </object_component>
      <object_component id="oc-3d">
         <name>.debug_abbrev</name>
         <load_address>0x279</load_address>
         <run_address>0x279</run_address>
         <size>0x63</size>
         <input_file_ref idref="fl-6"/>
      </object_component>
      <object_component id="oc-57">
         <name>.debug_abbrev</name>
         <load_address>0x2dc</load_address>
         <run_address>0x2dc</run_address>
         <size>0xb7</size>
         <input_file_ref idref="fl-7"/>
      </object_component>
      <object_component id="oc-5b">
         <name>.debug_abbrev</name>
         <load_address>0x393</load_address>
         <run_address>0x393</run_address>
         <size>0xdc</size>
         <input_file_ref idref="fl-8"/>
      </object_component>
      <object_component id="oc-60">
         <name>.debug_abbrev</name>
         <load_address>0x46f</load_address>
         <run_address>0x46f</run_address>
         <size>0x8f</size>
         <input_file_ref idref="fl-9"/>
      </object_component>
      <object_component id="oc-65">
         <name>.debug_abbrev</name>
         <load_address>0x4fe</load_address>
         <run_address>0x4fe</run_address>
         <size>0x63</size>
         <input_file_ref idref="fl-a"/>
      </object_component>
      <object_component id="oc-6a">
         <name>.debug_abbrev</name>
         <load_address>0x561</load_address>
         <run_address>0x561</run_address>
         <size>0xc8</size>
         <input_file_ref idref="fl-b"/>
      </object_component>
      <object_component id="oc-6f">
         <name>.debug_abbrev</name>
         <load_address>0x629</load_address>
         <run_address>0x629</run_address>
         <size>0x116</size>
         <input_file_ref idref="fl-c"/>
      </object_component>
      <object_component id="oc-74">
         <name>.debug_abbrev</name>
         <load_address>0x73f</load_address>
         <run_address>0x73f</run_address>
         <size>0x63</size>
         <input_file_ref idref="fl-d"/>
      </object_component>
      <object_component id="oc-79">
         <name>.debug_abbrev</name>
         <load_address>0x7a2</load_address>
         <run_address>0x7a2</run_address>
         <size>0x63</size>
         <input_file_ref idref="fl-e"/>
      </object_component>
      <object_component id="oc-7e">
         <name>.debug_abbrev</name>
         <load_address>0x805</load_address>
         <run_address>0x805</run_address>
         <size>0xea</size>
         <input_file_ref idref="fl-f"/>
      </object_component>
      <object_component id="oc-83">
         <name>.debug_abbrev</name>
         <load_address>0x8ef</load_address>
         <run_address>0x8ef</run_address>
         <size>0x63</size>
         <input_file_ref idref="fl-10"/>
      </object_component>
      <object_component id="oc-88">
         <name>.debug_abbrev</name>
         <load_address>0x952</load_address>
         <run_address>0x952</run_address>
         <size>0xdc</size>
         <input_file_ref idref="fl-11"/>
      </object_component>
      <object_component id="oc-8d">
         <name>.debug_abbrev</name>
         <load_address>0xa2e</load_address>
         <run_address>0xa2e</run_address>
         <size>0x124</size>
         <input_file_ref idref="fl-12"/>
      </object_component>
      <object_component id="oc-d7">
         <name>.debug_abbrev</name>
         <load_address>0xb52</load_address>
         <run_address>0xb52</run_address>
         <size>0xf</size>
      </object_component>
      <object_component id="oc-28">
         <name>.debug_aranges</name>
         <load_address>0x0</load_address>
         <run_address>0x0</run_address>
         <size>0x20</size>
         <input_file_ref idref="fl-2"/>
      </object_component>
      <object_component id="oc-2e">
         <name>.debug_aranges</name>
         <load_address>0x20</load_address>
         <run_address>0x20</run_address>
         <size>0x28</size>
         <input_file_ref idref="fl-3"/>
      </object_component>
      <object_component id="oc-34">
         <name>.debug_aranges</name>
         <load_address>0x48</load_address>
         <run_address>0x48</run_address>
         <size>0x228</size>
         <input_file_ref idref="fl-4"/>
      </object_component>
      <object_component id="oc-39">
         <name>.debug_aranges</name>
         <load_address>0x270</load_address>
         <run_address>0x270</run_address>
         <size>0x20</size>
         <input_file_ref idref="fl-5"/>
      </object_component>
      <object_component id="oc-3e">
         <name>.debug_aranges</name>
         <load_address>0x290</load_address>
         <run_address>0x290</run_address>
         <size>0x20</size>
         <input_file_ref idref="fl-6"/>
      </object_component>
      <object_component id="oc-5c">
         <name>.debug_aranges</name>
         <load_address>0x2b0</load_address>
         <run_address>0x2b0</run_address>
         <size>0x20</size>
         <input_file_ref idref="fl-8"/>
      </object_component>
      <object_component id="oc-61">
         <name>.debug_aranges</name>
         <load_address>0x2d0</load_address>
         <run_address>0x2d0</run_address>
         <size>0x20</size>
         <input_file_ref idref="fl-9"/>
      </object_component>
      <object_component id="oc-66">
         <name>.debug_aranges</name>
         <load_address>0x2f0</load_address>
         <run_address>0x2f0</run_address>
         <size>0x20</size>
         <input_file_ref idref="fl-a"/>
      </object_component>
      <object_component id="oc-6b">
         <name>.debug_aranges</name>
         <load_address>0x310</load_address>
         <run_address>0x310</run_address>
         <size>0x20</size>
         <input_file_ref idref="fl-b"/>
      </object_component>
      <object_component id="oc-70">
         <name>.debug_aranges</name>
         <load_address>0x330</load_address>
         <run_address>0x330</run_address>
         <size>0x20</size>
         <input_file_ref idref="fl-c"/>
      </object_component>
      <object_component id="oc-75">
         <name>.debug_aranges</name>
         <load_address>0x350</load_address>
         <run_address>0x350</run_address>
         <size>0x20</size>
         <input_file_ref idref="fl-d"/>
      </object_component>
      <object_component id="oc-7a">
         <name>.debug_aranges</name>
         <load_address>0x370</load_address>
         <run_address>0x370</run_address>
         <size>0x20</size>
         <input_file_ref idref="fl-e"/>
      </object_component>
      <object_component id="oc-7f">
         <name>.debug_aranges</name>
         <load_address>0x390</load_address>
         <run_address>0x390</run_address>
         <size>0x20</size>
         <input_file_ref idref="fl-f"/>
      </object_component>
      <object_component id="oc-84">
         <name>.debug_aranges</name>
         <load_address>0x3b0</load_address>
         <run_address>0x3b0</run_address>
         <size>0x18</size>
         <input_file_ref idref="fl-10"/>
      </object_component>
      <object_component id="oc-89">
         <name>.debug_aranges</name>
         <load_address>0x3c8</load_address>
         <run_address>0x3c8</run_address>
         <size>0x20</size>
         <input_file_ref idref="fl-11"/>
      </object_component>
      <object_component id="oc-8e">
         <name>.debug_aranges</name>
         <load_address>0x3e8</load_address>
         <run_address>0x3e8</run_address>
         <size>0x28</size>
         <input_file_ref idref="fl-12"/>
      </object_component>
   </object_component_list>
   <logical_group_list>
      <logical_group id="lg-2" display="no" color="cyan">
         <name>.reset</name>
         <load_address>0x3f844b</load_address>
         <run_address>0x3f844b</run_address>
         <size>0x2</size>
         <contents>
            <object_component_ref idref="oc-90"/>
         </contents>
      </logical_group>
      <logical_group id="lg-3" display="no" color="cyan">
         <name>.text</name>
         <load_address>0x3f8000</load_address>
         <run_address>0x3f8000</run_address>
         <size>0x436</size>
         <contents>
            <object_component_ref idref="oc-30"/>
            <object_component_ref idref="oc-a1"/>
            <object_component_ref idref="oc-a0"/>
            <object_component_ref idref="oc-94"/>
            <object_component_ref idref="oc-99"/>
            <object_component_ref idref="oc-23"/>
            <object_component_ref idref="oc-91"/>
            <object_component_ref idref="oc-95"/>
            <object_component_ref idref="oc-9a"/>
            <object_component_ref idref="oc-9b"/>
            <object_component_ref idref="oc-9c"/>
            <object_component_ref idref="oc-9d"/>
            <object_component_ref idref="oc-9e"/>
            <object_component_ref idref="oc-96"/>
            <object_component_ref idref="oc-a4"/>
            <object_component_ref idref="oc-a5"/>
            <object_component_ref idref="oc-a3"/>
            <object_component_ref idref="oc-a2"/>
            <object_component_ref idref="oc-a7"/>
            <object_component_ref idref="oc-a6"/>
         </contents>
      </logical_group>
      <logical_group id="lg-4" display="no" color="cyan">
         <name>.cinit</name>
         <load_address>0x3f8436</load_address>
         <run_address>0x3f8436</run_address>
         <size>0x15</size>
         <contents>
            <object_component_ref idref="oc-93"/>
            <object_component_ref idref="oc-98"/>
         </contents>
      </logical_group>
      <logical_group id="lg-5" display="no" color="cyan">
         <name>.stack</name>
         <run_address>0x400</run_address>
         <size>0x400</size>
         <contents>
            <object_component_ref idref="oc-8f"/>
            <object_component_ref idref="oc-d5"/>
         </contents>
      </logical_group>
      <logical_group id="lg-6" display="no" color="cyan">
         <name>.bss</name>
         <run_address>0x3f9100</run_address>
         <size>0x84</size>
         <contents>
            <object_component_ref idref="oc-92"/>
            <object_component_ref idref="oc-97"/>
         </contents>
      </logical_group>
      <logical_group id="lg-7" display="no" color="cyan">
         <name>.ebss</name>
         <run_address>0x3f9184</run_address>
         <size>0x18</size>
         <contents>
            <object_component_ref idref="oc-2a"/>
         </contents>
      </logical_group>
      <logical_group id="lg-8" display="no" color="cyan">
         <name>.const</name>
         <run_address>0x0</run_address>
         <size>0x0</size>
         <contents>
         </contents>
      </logical_group>
      <logical_group id="lg-9" display="no" color="cyan">
         <name>.econst</name>
         <load_address>0x3f9000</load_address>
         <run_address>0x3f9000</run_address>
         <size>0x100</size>
         <contents>
            <object_component_ref idref="oc-9f"/>
         </contents>
      </logical_group>
      <logical_group id="lg-a" display="no" color="cyan">
         <name>.sysmem</name>
         <run_address>0x0</run_address>
         <size>0x0</size>
         <contents>
         </contents>
      </logical_group>
      <logical_group id="lg-b" display="no" color="cyan">
         <name>DevEmuRegsFile</name>
         <run_address>0x880</run_address>
         <size>0xd6</size>
         <contents>
            <object_component_ref idref="oc-54"/>
         </contents>
      </logical_group>
      <logical_group id="lg-c" display="no" color="cyan">
         <name>FlashRegsFile</name>
         <run_address>0xa80</run_address>
         <size>0x8</size>
         <contents>
            <object_component_ref idref="oc-40"/>
         </contents>
      </logical_group>
      <logical_group id="lg-d" display="no" color="cyan">
         <name>CsmRegsFile</name>
         <run_address>0xae0</run_address>
         <size>0x10</size>
         <contents>
            <object_component_ref idref="oc-47"/>
         </contents>
      </logical_group>
      <logical_group id="lg-e" display="no" color="cyan">
         <name>XintfRegsFile</name>
         <run_address>0xb20</run_address>
         <size>0x20</size>
         <contents>
            <object_component_ref idref="oc-4d"/>
         </contents>
      </logical_group>
      <logical_group id="lg-f" display="no" color="cyan">
         <name>CpuTimer0RegsFile</name>
         <run_address>0xc00</run_address>
         <size>0x8</size>
         <contents>
            <object_component_ref idref="oc-43"/>
         </contents>
      </logical_group>
      <logical_group id="lg-10" display="no" color="cyan">
         <name>CpuTimer1RegsFile</name>
         <run_address>0xc08</run_address>
         <size>0x8</size>
         <contents>
            <object_component_ref idref="oc-44"/>
         </contents>
      </logical_group>
      <logical_group id="lg-11" display="no" color="cyan">
         <name>CpuTimer2RegsFile</name>
         <run_address>0xc10</run_address>
         <size>0x8</size>
         <contents>
            <object_component_ref idref="oc-42"/>
         </contents>
      </logical_group>
      <logical_group id="lg-12" display="no" color="cyan">
         <name>PieCtrlRegsFile</name>
         <run_address>0xce0</run_address>
         <size>0x1a</size>
         <contents>
            <object_component_ref idref="oc-4a"/>
         </contents>
      </logical_group>
      <logical_group id="lg-13" display="no" color="cyan">
         <name>PieVectTable</name>
         <run_address>0xd00</run_address>
         <size>0x100</size>
         <contents>
            <object_component_ref idref="oc-55"/>
         </contents>
      </logical_group>
      <logical_group id="lg-14" display="no" color="cyan">
         <name>ECanaRegsFile</name>
         <run_address>0x6000</run_address>
         <size>0x34</size>
         <contents>
            <object_component_ref idref="oc-53"/>
         </contents>
      </logical_group>
      <logical_group id="lg-15" display="no" color="cyan">
         <name>ECanaMboxesFile</name>
         <run_address>0x6100</run_address>
         <size>0x100</size>
         <contents>
            <object_component_ref idref="oc-56"/>
         </contents>
      </logical_group>
      <logical_group id="lg-16" display="no" color="cyan">
         <name>SysCtrlRegsFile</name>
         <run_address>0x7010</run_address>
         <size>0x20</size>
         <contents>
            <object_component_ref idref="oc-4c"/>
         </contents>
      </logical_group>
      <logical_group id="lg-17" display="no" color="cyan">
         <name>SpiaRegsFile</name>
         <run_address>0x7040</run_address>
         <size>0x10</size>
         <contents>
            <object_component_ref idref="oc-48"/>
         </contents>
      </logical_group>
      <logical_group id="lg-18" display="no" color="cyan">
         <name>SciaRegsFile</name>
         <run_address>0x7050</run_address>
         <size>0x10</size>
         <contents>
            <object_component_ref idref="oc-46"/>
         </contents>
      </logical_group>
      <logical_group id="lg-19" display="no" color="cyan">
         <name>XIntruptRegsFile</name>
         <run_address>0x7070</run_address>
         <size>0x10</size>
         <contents>
            <object_component_ref idref="oc-49"/>
         </contents>
      </logical_group>
      <logical_group id="lg-1a" display="no" color="cyan">
         <name>GpioMuxRegsFile</name>
         <run_address>0x70c0</run_address>
         <size>0x20</size>
         <contents>
            <object_component_ref idref="oc-4f"/>
         </contents>
      </logical_group>
      <logical_group id="lg-1b" display="no" color="cyan">
         <name>GpioDataRegsFile</name>
         <run_address>0x70e0</run_address>
         <size>0x20</size>
         <contents>
            <object_component_ref idref="oc-4e"/>
         </contents>
      </logical_group>
      <logical_group id="lg-1c" display="no" color="cyan">
         <name>AdcRegsFile</name>
         <run_address>0x7100</run_address>
         <size>0x1a</size>
         <contents>
            <object_component_ref idref="oc-4b"/>
         </contents>
      </logical_group>
      <logical_group id="lg-1d" display="no" color="cyan">
         <name>EvaRegsFile</name>
         <run_address>0x7400</run_address>
         <size>0x32</size>
         <contents>
            <object_component_ref idref="oc-51"/>
         </contents>
      </logical_group>
      <logical_group id="lg-1e" display="no" color="cyan">
         <name>EvbRegsFile</name>
         <run_address>0x7500</run_address>
         <size>0x32</size>
         <contents>
            <object_component_ref idref="oc-52"/>
         </contents>
      </logical_group>
      <logical_group id="lg-1f" display="no" color="cyan">
         <name>ScibRegsFile</name>
         <run_address>0x7750</run_address>
         <size>0x10</size>
         <contents>
            <object_component_ref idref="oc-45"/>
         </contents>
      </logical_group>
      <logical_group id="lg-20" display="no" color="cyan">
         <name>McbspaRegsFile</name>
         <run_address>0x7800</run_address>
         <size>0x25</size>
         <contents>
            <object_component_ref idref="oc-50"/>
         </contents>
      </logical_group>
      <logical_group id="lg-21" display="no" color="cyan">
         <name>CsmPwlFile</name>
         <run_address>0x3f7ff8</run_address>
         <size>0x8</size>
         <contents>
            <object_component_ref idref="oc-41"/>
         </contents>
      </logical_group>
      <logical_group id="lg-a8" display="no" color="cyan">
         <name>.ppdata</name>
         <run_address>0x0</run_address>
         <size>0x0</size>
         <contents>
         </contents>
      </logical_group>
      <logical_group id="lg-ca" display="never" color="cyan">
         <name>.debug_info</name>
         <load_address>0x0</load_address>
         <run_address>0x0</run_address>
         <size>0x1ff84</size>
         <contents>
            <object_component_ref idref="oc-24"/>
            <object_component_ref idref="oc-29"/>
            <object_component_ref idref="oc-2f"/>
            <object_component_ref idref="oc-35"/>
            <object_component_ref idref="oc-3a"/>
            <object_component_ref idref="oc-3f"/>
            <object_component_ref idref="oc-58"/>
            <object_component_ref idref="oc-5d"/>
            <object_component_ref idref="oc-62"/>
            <object_component_ref idref="oc-67"/>
            <object_component_ref idref="oc-6c"/>
            <object_component_ref idref="oc-71"/>
            <object_component_ref idref="oc-76"/>
            <object_component_ref idref="oc-7b"/>
            <object_component_ref idref="oc-80"/>
            <object_component_ref idref="oc-85"/>
            <object_component_ref idref="oc-8a"/>
            <object_component_ref idref="oc-d6"/>
         </contents>
      </logical_group>
      <logical_group id="lg-cc" display="never" color="cyan">
         <name>.debug_frame</name>
         <load_address>0x0</load_address>
         <run_address>0x0</run_address>
         <size>0xe00</size>
         <contents>
            <object_component_ref idref="oc-25"/>
            <object_component_ref idref="oc-2b"/>
            <object_component_ref idref="oc-31"/>
            <object_component_ref idref="oc-36"/>
            <object_component_ref idref="oc-3b"/>
            <object_component_ref idref="oc-59"/>
            <object_component_ref idref="oc-5e"/>
            <object_component_ref idref="oc-63"/>
            <object_component_ref idref="oc-68"/>
            <object_component_ref idref="oc-6d"/>
            <object_component_ref idref="oc-72"/>
            <object_component_ref idref="oc-77"/>
            <object_component_ref idref="oc-7c"/>
            <object_component_ref idref="oc-81"/>
            <object_component_ref idref="oc-86"/>
            <object_component_ref idref="oc-8b"/>
         </contents>
      </logical_group>
      <logical_group id="lg-ce" display="never" color="cyan">
         <name>.debug_line</name>
         <load_address>0x0</load_address>
         <run_address>0x0</run_address>
         <size>0xdc4</size>
         <contents>
            <object_component_ref idref="oc-26"/>
            <object_component_ref idref="oc-2c"/>
            <object_component_ref idref="oc-32"/>
            <object_component_ref idref="oc-37"/>
            <object_component_ref idref="oc-3c"/>
            <object_component_ref idref="oc-5a"/>
            <object_component_ref idref="oc-5f"/>
            <object_component_ref idref="oc-64"/>
            <object_component_ref idref="oc-69"/>
            <object_component_ref idref="oc-6e"/>
            <object_component_ref idref="oc-73"/>
            <object_component_ref idref="oc-78"/>
            <object_component_ref idref="oc-7d"/>
            <object_component_ref idref="oc-82"/>
            <object_component_ref idref="oc-87"/>
            <object_component_ref idref="oc-8c"/>
         </contents>
      </logical_group>
      <logical_group id="lg-d0" display="never" color="cyan">
         <name>.debug_abbrev</name>
         <load_address>0x0</load_address>
         <run_address>0x0</run_address>
         <size>0xb61</size>
         <contents>
            <object_component_ref idref="oc-27"/>
            <object_component_ref idref="oc-2d"/>
            <object_component_ref idref="oc-33"/>
            <object_component_ref idref="oc-38"/>
            <object_component_ref idref="oc-3d"/>
            <object_component_ref idref="oc-57"/>
            <object_component_ref idref="oc-5b"/>
            <object_component_ref idref="oc-60"/>
            <object_component_ref idref="oc-65"/>
            <object_component_ref idref="oc-6a"/>
            <object_component_ref idref="oc-6f"/>
            <object_component_ref idref="oc-74"/>
            <object_component_ref idref="oc-79"/>
            <object_component_ref idref="oc-7e"/>
            <object_component_ref idref="oc-83"/>
            <object_component_ref idref="oc-88"/>
            <object_component_ref idref="oc-8d"/>
            <object_component_ref idref="oc-d7"/>
         </contents>
      </logical_group>
      <logical_group id="lg-d2" display="never" color="cyan">
         <name>.debug_aranges</name>
         <load_address>0x0</load_address>
         <run_address>0x0</run_address>
         <size>0x410</size>
         <contents>
            <object_component_ref idref="oc-28"/>
            <object_component_ref idref="oc-2e"/>
            <object_component_ref idref="oc-34"/>
            <object_component_ref idref="oc-39"/>
            <object_component_ref idref="oc-3e"/>
            <object_component_ref idref="oc-5c"/>
            <object_component_ref idref="oc-61"/>
            <object_component_ref idref="oc-66"/>
            <object_component_ref idref="oc-6b"/>
            <object_component_ref idref="oc-70"/>
            <object_component_ref idref="oc-75"/>
            <object_component_ref idref="oc-7a"/>
            <object_component_ref idref="oc-7f"/>
            <object_component_ref idref="oc-84"/>
            <object_component_ref idref="oc-89"/>
            <object_component_ref idref="oc-8e"/>
         </contents>
      </logical_group>
   </logical_group_list>
   <placement_map>
      <memory_area display="yes" color="green">
         <name>PRAMH0</name>
         <page_id>0x0</page_id>
         <origin>0x3f8000</origin>
         <length>0x1000</length>
         <used_space>0x44d</used_space>
         <unused_space>0xbb3</unused_space>
         <attributes>RWIX</attributes>
         <usage_details>
            <allocated_space>
               <start_address>0x3f8000</start_address>
               <size>0x436</size>
               <logical_group_ref idref="lg-3"/>
            </allocated_space>
            <allocated_space>
               <start_address>0x3f8436</start_address>
               <size>0x15</size>
               <logical_group_ref idref="lg-4"/>
            </allocated_space>
            <allocated_space>
               <start_address>0x3f844b</start_address>
               <size>0x2</size>
               <logical_group_ref idref="lg-2"/>
            </allocated_space>
            <available_space>
               <start_address>0x3f844d</start_address>
               <size>0xbb3</size>
            </available_space>
         </usage_details>
      </memory_area>
      <memory_area display="yes" color="green">
         <name>RAMM0</name>
         <page_id>0x1</page_id>
         <origin>0x0</origin>
         <length>0x400</length>
         <used_space>0x0</used_space>
         <unused_space>0x400</unused_space>
         <attributes>RWIX</attributes>
         <usage_details>
         </usage_details>
      </memory_area>
      <memory_area display="yes" color="green">
         <name>RAMM1</name>
         <page_id>0x1</page_id>
         <origin>0x400</origin>
         <length>0x400</length>
         <used_space>0x400</used_space>
         <unused_space>0x0</unused_space>
         <attributes>RWIX</attributes>
         <usage_details>
            <allocated_space>
               <start_address>0x400</start_address>
               <size>0x400</size>
               <logical_group_ref idref="lg-5"/>
            </allocated_space>
         </usage_details>
      </memory_area>
      <memory_area display="yes" color="green">
         <name>DEV_EMU</name>
         <page_id>0x1</page_id>
         <origin>0x880</origin>
         <length>0x180</length>
         <used_space>0xd6</used_space>
         <unused_space>0xaa</unused_space>
         <attributes>RWIX</attributes>
         <usage_details>
            <allocated_space>
               <start_address>0x880</start_address>
               <size>0xd6</size>
               <logical_group_ref idref="lg-b"/>
            </allocated_space>
            <available_space>
               <start_address>0x956</start_address>
               <size>0xaa</size>
            </available_space>
         </usage_details>
      </memory_area>
      <memory_area display="no" color="green">
         <name>FLASH_REGS</name>
         <page_id>0x1</page_id>
         <origin>0xa80</origin>
         <length>0x60</length>
         <used_space>0x8</used_space>
         <unused_space>0x58</unused_space>
         <attributes>RWIX</attributes>
         <usage_details>
            <allocated_space>
               <start_address>0xa80</start_address>
               <size>0x8</size>
               <logical_group_ref idref="lg-c"/>
            </allocated_space>
            <available_space>
               <start_address>0xa88</start_address>
               <size>0x58</size>
            </available_space>
         </usage_details>
      </memory_area>
      <memory_area display="no" color="green">
         <name>CSM</name>
         <page_id>0x1</page_id>
         <origin>0xae0</origin>
         <length>0x10</length>
         <used_space>0x10</used_space>
         <unused_space>0x0</unused_space>
         <attributes>RWIX</attributes>
         <usage_details>
            <allocated_space>
               <start_address>0xae0</start_address>
               <size>0x10</size>
               <logical_group_ref idref="lg-d"/>
            </allocated_space>
         </usage_details>
      </memory_area>
      <memory_area display="no" color="green">
         <name>XINTF</name>
         <page_id>0x1</page_id>
         <origin>0xb20</origin>
         <length>0x20</length>
         <used_space>0x20</used_space>
         <unused_space>0x0</unused_space>
         <attributes>RWIX</attributes>
         <usage_details>
            <allocated_space>
               <start_address>0xb20</start_address>
               <size>0x20</size>
               <logical_group_ref idref="lg-e"/>
            </allocated_space>
         </usage_details>
      </memory_area>
      <memory_area display="no" color="green">
         <name>CPU_TIMER0</name>
         <page_id>0x1</page_id>
         <origin>0xc00</origin>
         <length>0x8</length>
         <used_space>0x8</used_space>
         <unused_space>0x0</unused_space>
         <attributes>RWIX</attributes>
         <usage_details>
            <allocated_space>
               <start_address>0xc00</start_address>
               <size>0x8</size>
               <logical_group_ref idref="lg-f"/>
            </allocated_space>
         </usage_details>
      </memory_area>
      <memory_area display="no" color="green">
         <name>CPU_TIMER1</name>
         <page_id>0x1</page_id>
         <origin>0xc08</origin>
         <length>0x8</length>
         <used_space>0x8</used_space>
         <unused_space>0x0</unused_space>
         <attributes>RWIX</attributes>
         <usage_details>
            <allocated_space>
               <start_address>0xc08</start_address>
               <size>0x8</size>
               <logical_group_ref idref="lg-10"/>
            </allocated_space>
         </usage_details>
      </memory_area>
      <memory_area display="no" color="green">
         <name>CPU_TIMER2</name>
         <page_id>0x1</page_id>
         <origin>0xc10</origin>
         <length>0x8</length>
         <used_space>0x8</used_space>
         <unused_space>0x0</unused_space>
         <attributes>RWIX</attributes>
         <usage_details>
            <allocated_space>
               <start_address>0xc10</start_address>
               <size>0x8</size>
               <logical_group_ref idref="lg-11"/>
            </allocated_space>
         </usage_details>
      </memory_area>
      <memory_area display="no" color="green">
         <name>PIE_CTRL</name>
         <page_id>0x1</page_id>
         <origin>0xce0</origin>
         <length>0x20</length>
         <used_space>0x1a</used_space>
         <unused_space>0x6</unused_space>
         <attributes>RWIX</attributes>
         <usage_details>
            <allocated_space>
               <start_address>0xce0</start_address>
               <size>0x1a</size>
               <logical_group_ref idref="lg-12"/>
            </allocated_space>
            <available_space>
               <start_address>0xcfa</start_address>
               <size>0x6</size>
            </available_space>
         </usage_details>
      </memory_area>
      <memory_area display="yes" color="green">
         <name>PIE_VECT</name>
         <page_id>0x1</page_id>
         <origin>0xd00</origin>
         <length>0x100</length>
         <used_space>0x100</used_space>
         <unused_space>0x0</unused_space>
         <attributes>RWIX</attributes>
         <usage_details>
            <allocated_space>
               <start_address>0xd00</start_address>
               <size>0x100</size>
               <logical_group_ref idref="lg-13"/>
            </allocated_space>
         </usage_details>
      </memory_area>
      <memory_area display="yes" color="green">
         <name>ECAN_A</name>
         <page_id>0x1</page_id>
         <origin>0x6000</origin>
         <length>0x100</length>
         <used_space>0x34</used_space>
         <unused_space>0xcc</unused_space>
         <attributes>RWIX</attributes>
         <usage_details>
            <allocated_space>
               <start_address>0x6000</start_address>
               <size>0x34</size>
               <logical_group_ref idref="lg-14"/>
            </allocated_space>
            <available_space>
               <start_address>0x6034</start_address>
               <size>0xcc</size>
            </available_space>
         </usage_details>
      </memory_area>
      <memory_area display="yes" color="green">
         <name>ECAN_AMBOX</name>
         <page_id>0x1</page_id>
         <origin>0x6100</origin>
         <length>0x100</length>
         <used_space>0x100</used_space>
         <unused_space>0x0</unused_space>
         <attributes>RWIX</attributes>
         <usage_details>
            <allocated_space>
               <start_address>0x6100</start_address>
               <size>0x100</size>
               <logical_group_ref idref="lg-15"/>
            </allocated_space>
         </usage_details>
      </memory_area>
      <memory_area display="no" color="green">
         <name>SYSTEM</name>
         <page_id>0x1</page_id>
         <origin>0x7010</origin>
         <length>0x20</length>
         <used_space>0x20</used_space>
         <unused_space>0x0</unused_space>
         <attributes>RWIX</attributes>
         <usage_details>
            <allocated_space>
               <start_address>0x7010</start_address>
               <size>0x20</size>
               <logical_group_ref idref="lg-16"/>
            </allocated_space>
         </usage_details>
      </memory_area>
      <memory_area display="no" color="green">
         <name>SPI_A</name>
         <page_id>0x1</page_id>
         <origin>0x7040</origin>
         <length>0x10</length>
         <used_space>0x10</used_space>
         <unused_space>0x0</unused_space>
         <attributes>RWIX</attributes>
         <usage_details>
            <allocated_space>
               <start_address>0x7040</start_address>
               <size>0x10</size>
               <logical_group_ref idref="lg-17"/>
            </allocated_space>
         </usage_details>
      </memory_area>
      <memory_area display="no" color="green">
         <name>SCI_A</name>
         <page_id>0x1</page_id>
         <origin>0x7050</origin>
         <length>0x10</length>
         <used_space>0x10</used_space>
         <unused_space>0x0</unused_space>
         <attributes>RWIX</attributes>
         <usage_details>
            <allocated_space>
               <start_address>0x7050</start_address>
               <size>0x10</size>
               <logical_group_ref idref="lg-18"/>
            </allocated_space>
         </usage_details>
      </memory_area>
      <memory_area display="no" color="green">
         <name>XINTRUPT</name>
         <page_id>0x1</page_id>
         <origin>0x7070</origin>
         <length>0x10</length>
         <used_space>0x10</used_space>
         <unused_space>0x0</unused_space>
         <attributes>RWIX</attributes>
         <usage_details>
            <allocated_space>
               <start_address>0x7070</start_address>
               <size>0x10</size>
               <logical_group_ref idref="lg-19"/>
            </allocated_space>
         </usage_details>
      </memory_area>
      <memory_area display="no" color="green">
         <name>GPIOMUX</name>
         <page_id>0x1</page_id>
         <origin>0x70c0</origin>
         <length>0x20</length>
         <used_space>0x20</used_space>
         <unused_space>0x0</unused_space>
         <attributes>RWIX</attributes>
         <usage_details>
            <allocated_space>
               <start_address>0x70c0</start_address>
               <size>0x20</size>
               <logical_group_ref idref="lg-1a"/>
            </allocated_space>
         </usage_details>
      </memory_area>
      <memory_area display="no" color="green">
         <name>GPIODAT</name>
         <page_id>0x1</page_id>
         <origin>0x70e0</origin>
         <length>0x20</length>
         <used_space>0x20</used_space>
         <unused_space>0x0</unused_space>
         <attributes>RWIX</attributes>
         <usage_details>
            <allocated_space>
               <start_address>0x70e0</start_address>
               <size>0x20</size>
               <logical_group_ref idref="lg-1b"/>
            </allocated_space>
         </usage_details>
      </memory_area>
      <memory_area display="no" color="green">
         <name>ADC</name>
         <page_id>0x1</page_id>
         <origin>0x7100</origin>
         <length>0x20</length>
         <used_space>0x1a</used_space>
         <unused_space>0x6</unused_space>
         <attributes>RWIX</attributes>
         <usage_details>
            <allocated_space>
               <start_address>0x7100</start_address>
               <size>0x1a</size>
               <logical_group_ref idref="lg-1c"/>
            </allocated_space>
            <available_space>
               <start_address>0x711a</start_address>
               <size>0x6</size>
            </available_space>
         </usage_details>
      </memory_area>
      <memory_area display="no" color="green">
         <name>EV_A</name>
         <page_id>0x1</page_id>
         <origin>0x7400</origin>
         <length>0x40</length>
         <used_space>0x32</used_space>
         <unused_space>0xe</unused_space>
         <attributes>RWIX</attributes>
         <usage_details>
            <allocated_space>
               <start_address>0x7400</start_address>
               <size>0x32</size>
               <logical_group_ref idref="lg-1d"/>
            </allocated_space>
            <available_space>
               <start_address>0x7432</start_address>
               <size>0xe</size>
            </available_space>
         </usage_details>
      </memory_area>
      <memory_area display="no" color="green">
         <name>EV_B</name>
         <page_id>0x1</page_id>
         <origin>0x7500</origin>
         <length>0x40</length>
         <used_space>0x32</used_space>
         <unused_space>0xe</unused_space>
         <attributes>RWIX</attributes>
         <usage_details>
            <allocated_space>
               <start_address>0x7500</start_address>
               <size>0x32</size>
               <logical_group_ref idref="lg-1e"/>
            </allocated_space>
            <available_space>
               <start_address>0x7532</start_address>
               <size>0xe</size>
            </available_space>
         </usage_details>
      </memory_area>
      <memory_area display="no" color="green">
         <name>SPI_B</name>
         <page_id>0x1</page_id>
         <origin>0x7740</origin>
         <length>0x10</length>
         <used_space>0x0</used_space>
         <unused_space>0x10</unused_space>
         <attributes>RWIX</attributes>
         <usage_details>
         </usage_details>
      </memory_area>
      <memory_area display="no" color="green">
         <name>SCI_B</name>
         <page_id>0x1</page_id>
         <origin>0x7750</origin>
         <length>0x10</length>
         <used_space>0x10</used_space>
         <unused_space>0x0</unused_space>
         <attributes>RWIX</attributes>
         <usage_details>
            <allocated_space>
               <start_address>0x7750</start_address>
               <size>0x10</size>
               <logical_group_ref idref="lg-1f"/>
            </allocated_space>
         </usage_details>
      </memory_area>
      <memory_area display="no" color="green">
         <name>MCBSP_A</name>
         <page_id>0x1</page_id>
         <origin>0x7800</origin>
         <length>0x40</length>
         <used_space>0x25</used_space>
         <unused_space>0x1b</unused_space>
         <attributes>RWIX</attributes>
         <usage_details>
            <allocated_space>
               <start_address>0x7800</start_address>
               <size>0x25</size>
               <logical_group_ref idref="lg-20"/>
            </allocated_space>
            <available_space>
               <start_address>0x7825</start_address>
               <size>0x1b</size>
            </available_space>
         </usage_details>
      </memory_area>
      <memory_area display="no" color="green">
         <name>CSM_PWL</name>
         <page_id>0x1</page_id>
         <origin>0x3f7ff8</origin>
         <length>0x8</length>
         <used_space>0x8</used_space>
         <unused_space>0x0</unused_space>
         <attributes>RWIX</attributes>
         <usage_details>
            <allocated_space>
               <start_address>0x3f7ff8</start_address>
               <size>0x8</size>
               <logical_group_ref idref="lg-21"/>
            </allocated_space>
         </usage_details>
      </memory_area>
      <memory_area display="yes" color="green">
         <name>DRAMH0</name>
         <page_id>0x1</page_id>
         <origin>0x3f9000</origin>
         <length>0x1000</length>
         <used_space>0x19c</used_space>
         <unused_space>0xe64</unused_space>
         <attributes>RWIX</attributes>
         <usage_details>
            <allocated_space>
               <start_address>0x3f9000</start_address>
               <size>0x100</size>
               <logical_group_ref idref="lg-9"/>
            </allocated_space>
            <allocated_space>
               <start_address>0x3f9100</start_address>
               <size>0x84</size>
               <logical_group_ref idref="lg-6"/>
            </allocated_space>
            <allocated_space>
               <start_address>0x3f9184</start_address>
               <size>0x18</size>
               <logical_group_ref idref="lg-7"/>
            </allocated_space>
            <available_space>
               <start_address>0x3f919c</start_address>
               <size>0xe64</size>
            </available_space>
         </usage_details>
      </memory_area>
   </placement_map>
   <symbol_table>
      <symbol id="sm-0">
         <name>cinit</name>
         <value>0x3f8436</value>
      </symbol>
      <symbol id="sm-1">
         <name>___cinit__</name>
         <value>0x3f8436</value>
      </symbol>
      <symbol id="sm-2">
         <name>pinit</name>
         <value>0xffffffff</value>
      </symbol>
      <symbol id="sm-3">
         <name>___pinit__</name>
         <value>0xffffffff</value>
      </symbol>
      <symbol id="sm-4">
         <name>binit</name>
         <value>0xffffffff</value>
      </symbol>
      <symbol id="sm-5">
         <name>___binit__</name>
         <value>0xffffffff</value>
      </symbol>
      <symbol id="sm-6">
         <name>__STACK_SIZE</name>
         <value>0x400</value>
      </symbol>
      <symbol id="sm-7">
         <name>__STACK_END</name>
         <value>0x800</value>
      </symbol>
      <symbol id="sm-8">
         <name>___c_args__</name>
         <value>0xffffffff</value>
      </symbol>
      <symbol id="sm-9">
         <name>.text</name>
         <value>0x3f8000</value>
      </symbol>
      <symbol id="sm-a">
         <name>___text__</name>
         <value>0x3f8000</value>
      </symbol>
      <symbol id="sm-b">
         <name>etext</name>
         <value>0x3f8436</value>
      </symbol>
      <symbol id="sm-c">
         <name>___etext__</name>
         <value>0x3f8436</value>
      </symbol>
      <symbol id="sm-d">
         <name>.bss</name>
         <value>0x3f9100</value>
      </symbol>
      <symbol id="sm-e">
         <name>___bss__</name>
         <value>0x3f9100</value>
      </symbol>
      <symbol id="sm-f">
         <name>end</name>
         <value>0x3f9184</value>
      </symbol>
      <symbol id="sm-10">
         <name>___end__</name>
         <value>0x3f9184</value>
      </symbol>
      <symbol id="sm-11">
         <name>___TI_pprof_out_hndl</name>
         <value>0xffffffff</value>
      </symbol>
      <symbol id="sm-12">
         <name>___TI_prof_data_start</name>
         <value>0xffffffff</value>
      </symbol>
      <symbol id="sm-13">
         <name>___TI_prof_data_size</name>
         <value>0xffffffff</value>
      </symbol>
      <symbol id="sm-6c">
         <name>_InitAdc</name>
         <value>0x3f8430</value>
         <object_component_ref idref="oc-a4"/>
      </symbol>
      <symbol id="sm-7b">
         <name>_CpuTimer2</name>
         <value>0x3f918c</value>
         <object_component_ref idref="oc-2a"/>
      </symbol>
      <symbol id="sm-7c">
         <name>_CpuTimer0</name>
         <value>0x3f9194</value>
         <object_component_ref idref="oc-2a"/>
      </symbol>
      <symbol id="sm-7d">
         <name>_CpuTimer1</name>
         <value>0x3f9184</value>
         <object_component_ref idref="oc-2a"/>
      </symbol>
      <symbol id="sm-7e">
         <name>_InitCpuTimers</name>
         <value>0x3f814a</value>
         <object_component_ref idref="oc-a1"/>
      </symbol>
      <symbol id="sm-7f">
         <name>_ConfigCpuTimer</name>
         <value>0x3f8185</value>
         <object_component_ref idref="oc-a1"/>
      </symbol>
      <symbol id="sm-ce">
         <name>_ILLEGAL_ISR</name>
         <value>0x3f8028</value>
         <object_component_ref idref="oc-30"/>
      </symbol>
      <symbol id="sm-cf">
         <name>_T1PINT_ISR</name>
         <value>0x3f808c</value>
         <object_component_ref idref="oc-30"/>
      </symbol>
      <symbol id="sm-d0">
         <name>_CMP6INT_ISR</name>
         <value>0x3f80d2</value>
         <object_component_ref idref="oc-30"/>
      </symbol>
      <symbol id="sm-d1">
         <name>_T2CINT_ISR</name>
         <value>0x3f80a5</value>
         <object_component_ref idref="oc-30"/>
      </symbol>
      <symbol id="sm-d2">
         <name>_CMP3INT_ISR</name>
         <value>0x3f8087</value>
         <object_component_ref idref="oc-30"/>
      </symbol>
      <symbol id="sm-d3">
         <name>_DATALOG_ISR</name>
         <value>0x3f8019</value>
         <object_component_ref idref="oc-30"/>
      </symbol>
      <symbol id="sm-d4">
         <name>_SPITXINTA_ISR</name>
         <value>0x3f811d</value>
         <object_component_ref idref="oc-30"/>
      </symbol>
      <symbol id="sm-d5">
         <name>_SPIRXINTA_ISR</name>
         <value>0x3f8118</value>
         <object_component_ref idref="oc-30"/>
      </symbol>
      <symbol id="sm-d6">
         <name>_INT13_ISR</name>
         <value>0x3f8000</value>
         <object_component_ref idref="oc-30"/>
      </symbol>
      <symbol id="sm-d7">
         <name>_CAPINT3_ISR</name>
         <value>0x3f80be</value>
         <object_component_ref idref="oc-30"/>
      </symbol>
      <symbol id="sm-d8">
         <name>_MXINTA_ISR</name>
         <value>0x3f8113</value>
         <object_component_ref idref="oc-30"/>
      </symbol>
      <symbol id="sm-d9">
         <name>_T1UFINT_ISR</name>
         <value>0x3f8096</value>
         <object_component_ref idref="oc-30"/>
      </symbol>
      <symbol id="sm-da">
         <name>_T3UFINT_ISR</name>
         <value>0x3f80e1</value>
         <object_component_ref idref="oc-30"/>
      </symbol>
      <symbol id="sm-db">
         <name>_USER5_ISR</name>
         <value>0x3f8046</value>
         <object_component_ref idref="oc-30"/>
      </symbol>
      <symbol id="sm-dc">
         <name>_ECAN0INTA_ISR</name>
         <value>0x3f8136</value>
         <object_component_ref idref="oc-30"/>
      </symbol>
      <symbol id="sm-dd">
         <name>_EMUINT_ISR</name>
         <value>0x3f8023</value>
         <object_component_ref idref="oc-30"/>
      </symbol>
      <symbol id="sm-de">
         <name>_PDPINTB_ISR</name>
         <value>0x3f80c3</value>
         <object_component_ref idref="oc-30"/>
      </symbol>
      <symbol id="sm-df">
         <name>_CMP5INT_ISR</name>
         <value>0x3f80cd</value>
         <object_component_ref idref="oc-30"/>
      </symbol>
      <symbol id="sm-e0">
         <name>_CAPINT2_ISR</name>
         <value>0x3f80b9</value>
         <object_component_ref idref="oc-30"/>
      </symbol>
      <symbol id="sm-e1">
         <name>_CMP2INT_ISR</name>
         <value>0x3f8082</value>
         <object_component_ref idref="oc-30"/>
      </symbol>
      <symbol id="sm-e2">
         <name>_USER11_ISR</name>
         <value>0x3f8064</value>
         <object_component_ref idref="oc-30"/>
      </symbol>
      <symbol id="sm-e3">
         <name>_USER4_ISR</name>
         <value>0x3f8041</value>
         <object_component_ref idref="oc-30"/>
      </symbol>
      <symbol id="sm-e4">
         <name>_TINT0_ISR</name>
         <value>0x3f806e</value>
         <object_component_ref idref="oc-30"/>
      </symbol>
      <symbol id="sm-e5">
         <name>_WAKEINT_ISR</name>
         <value>0x3f8073</value>
         <object_component_ref idref="oc-30"/>
      </symbol>
      <symbol id="sm-e6">
         <name>_T2UFINT_ISR</name>
         <value>0x3f80aa</value>
         <object_component_ref idref="oc-30"/>
      </symbol>
      <symbol id="sm-e7">
         <name>_T4UFINT_ISR</name>
         <value>0x3f80f5</value>
         <object_component_ref idref="oc-30"/>
      </symbol>
      <symbol id="sm-e8">
         <name>_USER10_ISR</name>
         <value>0x3f805f</value>
         <object_component_ref idref="oc-30"/>
      </symbol>
      <symbol id="sm-e9">
         <name>_T1OFINT_ISR</name>
         <value>0x3f809b</value>
         <object_component_ref idref="oc-30"/>
      </symbol>
      <symbol id="sm-ea">
         <name>_T3OFINT_ISR</name>
         <value>0x3f80e6</value>
         <object_component_ref idref="oc-30"/>
      </symbol>
      <symbol id="sm-eb">
         <name>_USER7_ISR</name>
         <value>0x3f8050</value>
         <object_component_ref idref="oc-30"/>
      </symbol>
      <symbol id="sm-ec">
         <name>_XINT1_ISR</name>
         <value>0x3f800f</value>
         <object_component_ref idref="oc-30"/>
      </symbol>
      <symbol id="sm-ed">
         <name>_INT14_ISR</name>
         <value>0x3f8005</value>
         <object_component_ref idref="oc-30"/>
      </symbol>
      <symbol id="sm-ee">
         <name>_T2PINT_ISR</name>
         <value>0x3f80a0</value>
         <object_component_ref idref="oc-30"/>
      </symbol>
      <symbol id="sm-ef">
         <name>_CMP4INT_ISR</name>
         <value>0x3f80c8</value>
         <object_component_ref idref="oc-30"/>
      </symbol>
      <symbol id="sm-f0">
         <name>_CMP1INT_ISR</name>
         <value>0x3f807d</value>
         <object_component_ref idref="oc-30"/>
      </symbol>
      <symbol id="sm-f1">
         <name>_T4CINT_ISR</name>
         <value>0x3f80f0</value>
         <object_component_ref idref="oc-30"/>
      </symbol>
      <symbol id="sm-f2">
         <name>_USER6_ISR</name>
         <value>0x3f804b</value>
         <object_component_ref idref="oc-30"/>
      </symbol>
      <symbol id="sm-f3">
         <name>_T3CINT_ISR</name>
         <value>0x3f80dc</value>
         <object_component_ref idref="oc-30"/>
      </symbol>
      <symbol id="sm-f4">
         <name>_CAPINT5_ISR</name>
         <value>0x3f8104</value>
         <object_component_ref idref="oc-30"/>
      </symbol>
      <symbol id="sm-f5">
         <name>_MRINTA_ISR</name>
         <value>0x3f810e</value>
         <object_component_ref idref="oc-30"/>
      </symbol>
      <symbol id="sm-f6">
         <name>_T2OFINT_ISR</name>
         <value>0x3f80af</value>
         <object_component_ref idref="oc-30"/>
      </symbol>
      <symbol id="sm-f7">
         <name>_T4OFINT_ISR</name>
         <value>0x3f80fa</value>
         <object_component_ref idref="oc-30"/>
      </symbol>
      <symbol id="sm-f8">
         <name>_ADCINT_ISR</name>
         <value>0x3f8069</value>
         <object_component_ref idref="oc-30"/>
      </symbol>
      <symbol id="sm-f9">
         <name>_USER1_ISR</name>
         <value>0x3f8032</value>
         <object_component_ref idref="oc-30"/>
      </symbol>
      <symbol id="sm-fa">
         <name>_NMI_ISR</name>
         <value>0x3f800a</value>
         <object_component_ref idref="oc-30"/>
      </symbol>
      <symbol id="sm-fb">
         <name>_SCITXINTB_ISR</name>
         <value>0x3f8131</value>
         <object_component_ref idref="oc-30"/>
      </symbol>
      <symbol id="sm-fc">
         <name>_SCIRXINTB_ISR</name>
         <value>0x3f812c</value>
         <object_component_ref idref="oc-30"/>
      </symbol>
      <symbol id="sm-fd">
         <name>_T1CINT_ISR</name>
         <value>0x3f8091</value>
         <object_component_ref idref="oc-30"/>
      </symbol>
      <symbol id="sm-fe">
         <name>_CAPINT4_ISR</name>
         <value>0x3f80ff</value>
         <object_component_ref idref="oc-30"/>
      </symbol>
      <symbol id="sm-ff">
         <name>_ECAN1INTA_ISR</name>
         <value>0x3f813b</value>
         <object_component_ref idref="oc-30"/>
      </symbol>
      <symbol id="sm-100">
         <name>_PIE_RESERVED</name>
         <value>0x3f8140</value>
         <object_component_ref idref="oc-30"/>
      </symbol>
      <symbol id="sm-101">
         <name>_USER0_ISR</name>
         <value>0x3f802d</value>
         <object_component_ref idref="oc-30"/>
      </symbol>
      <symbol id="sm-102">
         <name>_XINT2_ISR</name>
         <value>0x3f8014</value>
         <object_component_ref idref="oc-30"/>
      </symbol>
      <symbol id="sm-103">
         <name>_RTOSINT_ISR</name>
         <value>0x3f801e</value>
         <object_component_ref idref="oc-30"/>
      </symbol>
      <symbol id="sm-104">
         <name>_USER9_ISR</name>
         <value>0x3f805a</value>
         <object_component_ref idref="oc-30"/>
      </symbol>
      <symbol id="sm-105">
         <name>_USER3_ISR</name>
         <value>0x3f803c</value>
         <object_component_ref idref="oc-30"/>
      </symbol>
      <symbol id="sm-106">
         <name>_CAPINT6_ISR</name>
         <value>0x3f8109</value>
         <object_component_ref idref="oc-30"/>
      </symbol>
      <symbol id="sm-107">
         <name>_T4PINT_ISR</name>
         <value>0x3f80eb</value>
         <object_component_ref idref="oc-30"/>
      </symbol>
      <symbol id="sm-108">
         <name>_T3PINT_ISR</name>
         <value>0x3f80d7</value>
         <object_component_ref idref="oc-30"/>
      </symbol>
      <symbol id="sm-109">
         <name>_USER8_ISR</name>
         <value>0x3f8055</value>
         <object_component_ref idref="oc-30"/>
      </symbol>
      <symbol id="sm-10a">
         <name>_USER2_ISR</name>
         <value>0x3f8037</value>
         <object_component_ref idref="oc-30"/>
      </symbol>
      <symbol id="sm-10b">
         <name>_SCITXINTA_ISR</name>
         <value>0x3f8127</value>
         <object_component_ref idref="oc-30"/>
      </symbol>
      <symbol id="sm-10c">
         <name>_SCIRXINTA_ISR</name>
         <value>0x3f8122</value>
         <object_component_ref idref="oc-30"/>
      </symbol>
      <symbol id="sm-10d">
         <name>_PDPINTA_ISR</name>
         <value>0x3f8078</value>
         <object_component_ref idref="oc-30"/>
      </symbol>
      <symbol id="sm-10e">
         <name>_rsvd_ISR</name>
         <value>0x3f8145</value>
         <object_component_ref idref="oc-30"/>
      </symbol>
      <symbol id="sm-10f">
         <name>_CAPINT1_ISR</name>
         <value>0x3f80b4</value>
         <object_component_ref idref="oc-30"/>
      </symbol>
      <symbol id="sm-11c">
         <name>_InitECan</name>
         <value>0x3f8431</value>
         <object_component_ref idref="oc-a5"/>
      </symbol>
      <symbol id="sm-129">
         <name>_InitEv</name>
         <value>0x3f8432</value>
         <object_component_ref idref="oc-a3"/>
      </symbol>
      <symbol id="sm-15e">
         <name>_PieVectTable</name>
         <value>0xd00</value>
         <object_component_ref idref="oc-55"/>
      </symbol>
      <symbol id="sm-15f">
         <name>_CsmRegs</name>
         <value>0xae0</value>
         <object_component_ref idref="oc-47"/>
      </symbol>
      <symbol id="sm-160">
         <name>_EvaRegs</name>
         <value>0x7400</value>
         <object_component_ref idref="oc-51"/>
      </symbol>
      <symbol id="sm-161">
         <name>_GpioMuxRegs</name>
         <value>0x70c0</value>
         <object_component_ref idref="oc-4f"/>
      </symbol>
      <symbol id="sm-162">
         <name>_EvbRegs</name>
         <value>0x7500</value>
         <object_component_ref idref="oc-52"/>
      </symbol>
      <symbol id="sm-163">
         <name>_CpuTimer1Regs</name>
         <value>0xc08</value>
         <object_component_ref idref="oc-44"/>
      </symbol>
      <symbol id="sm-164">
         <name>_SysCtrlRegs</name>
         <value>0x7010</value>
         <object_component_ref idref="oc-4c"/>
      </symbol>
      <symbol id="sm-165">
         <name>_SpiaRegs</name>
         <value>0x7040</value>
         <object_component_ref idref="oc-48"/>
      </symbol>
      <symbol id="sm-166">
         <name>_FlashRegs</name>
         <value>0xa80</value>
         <object_component_ref idref="oc-40"/>
      </symbol>
      <symbol id="sm-167">
         <name>_CpuTimer0Regs</name>
         <value>0xc00</value>
         <object_component_ref idref="oc-43"/>
      </symbol>
      <symbol id="sm-168">
         <name>_DevEmuRegs</name>
         <value>0x880</value>
         <object_component_ref idref="oc-54"/>
      </symbol>
      <symbol id="sm-169">
         <name>_SciaRegs</name>
         <value>0x7050</value>
         <object_component_ref idref="oc-46"/>
      </symbol>
      <symbol id="sm-16a">
         <name>_GpioDataRegs</name>
         <value>0x70e0</value>
         <object_component_ref idref="oc-4e"/>
      </symbol>
      <symbol id="sm-16b">
         <name>_CsmPwl</name>
         <value>0x3f7ff8</value>
         <object_component_ref idref="oc-41"/>
      </symbol>
      <symbol id="sm-16c">
         <name>_AdcRegs</name>
         <value>0x7100</value>
         <object_component_ref idref="oc-4b"/>
      </symbol>
      <symbol id="sm-16d">
         <name>_XIntruptRegs</name>
         <value>0x7070</value>
         <object_component_ref idref="oc-49"/>
      </symbol>
      <symbol id="sm-16e">
         <name>_CpuTimer2Regs</name>
         <value>0xc10</value>
         <object_component_ref idref="oc-42"/>
      </symbol>
      <symbol id="sm-16f">
         <name>_ECanaRegs</name>
         <value>0x6000</value>
         <object_component_ref idref="oc-53"/>
      </symbol>
      <symbol id="sm-170">
         <name>_XintfRegs</name>
         <value>0xb20</value>
         <object_component_ref idref="oc-4d"/>
      </symbol>
      <symbol id="sm-171">
         <name>_McbspaRegs</name>
         <value>0x7800</value>
         <object_component_ref idref="oc-50"/>
      </symbol>
      <symbol id="sm-172">
         <name>_ScibRegs</name>
         <value>0x7750</value>
         <object_component_ref idref="oc-45"/>
      </symbol>
      <symbol id="sm-173">
         <name>_ECanaMboxes</name>
         <value>0x6100</value>
         <object_component_ref idref="oc-56"/>
      </symbol>
      <symbol id="sm-174">
         <name>_PieCtrl</name>
         <value>0xce0</value>
         <object_component_ref idref="oc-4a"/>
      </symbol>
      <symbol id="sm-181">
         <name>_InitGpio</name>
         <value>0x3f841f</value>
         <object_component_ref idref="oc-9e"/>
      </symbol>
      <symbol id="sm-18e">
         <name>_InitPeripherals</name>
         <value>0x3f840e</value>
         <object_component_ref idref="oc-9d"/>
      </symbol>
      <symbol id="sm-19b">
         <name>_InitMcbsp</name>
         <value>0x3f8433</value>
         <object_component_ref idref="oc-a2"/>
      </symbol>
      <symbol id="sm-1a8">
         <name>_InitPieCtrl</name>
         <value>0x3f83cd</value>
         <object_component_ref idref="oc-9b"/>
      </symbol>
      <symbol id="sm-1b9">
         <name>_PieVectTableInit</name>
         <value>0x3f9000</value>
         <object_component_ref idref="oc-9f"/>
      </symbol>
      <symbol id="sm-1ba">
         <name>_InitPieVectTable</name>
         <value>0x3f83ee</value>
         <object_component_ref idref="oc-9c"/>
      </symbol>
      <symbol id="sm-1c7">
         <name>_InitSci</name>
         <value>0x3f8434</value>
         <object_component_ref idref="oc-a7"/>
      </symbol>
      <symbol id="sm-1d4">
         <name>_InitSpi</name>
         <value>0x3f8435</value>
         <object_component_ref idref="oc-a6"/>
      </symbol>
      <symbol id="sm-1e3">
         <name>_InitSysCtrl</name>
         <value>0x3f83a1</value>
         <object_component_ref idref="oc-9a"/>
      </symbol>
      <symbol id="sm-1fa">
         <name>_InitXintf</name>
         <value>0x3f81c6</value>
         <object_component_ref idref="oc-a0"/>
      </symbol>
      <symbol id="sm-20a">
         <name>_main</name>
         <value>0x3f8285</value>
         <object_component_ref idref="oc-99"/>
      </symbol>
      <symbol id="sm-20b">
         <name>_Delay</name>
         <value>0x3f82d3</value>
         <object_component_ref idref="oc-99"/>
      </symbol>
      <symbol id="sm-22b">
         <name>_c_int00</name>
         <value>0x3f82dd</value>
         <object_component_ref idref="oc-23"/>
      </symbol>
      <symbol id="sm-233">
         <name>_atexit</name>
         <value>0x3f8349</value>
         <object_component_ref idref="oc-91"/>
      </symbol>
      <symbol id="sm-234">
         <name>__dtors_ptr</name>
         <value>0x3f9102</value>
         <object_component_ref idref="oc-92"/>
      </symbol>
      <symbol id="sm-235">
         <name>__cleanup_ptr</name>
         <value>0x3f9104</value>
         <object_component_ref idref="oc-92"/>
      </symbol>
      <symbol id="sm-236">
         <name>_abort</name>
         <value>0x3f8365</value>
         <object_component_ref idref="oc-91"/>
      </symbol>
      <symbol id="sm-237">
         <name>C$$EXIT</name>
         <value>0x3f8347</value>
         <object_component_ref idref="oc-91"/>
      </symbol>
      <symbol id="sm-238">
         <name>_exit</name>
         <value>0x3f8328</value>
         <object_component_ref idref="oc-91"/>
      </symbol>
      <symbol id="sm-23c">
         <name>FS$$MPY</name>
         <value>0x3f822b</value>
         <object_component_ref idref="oc-94"/>
      </symbol>
      <symbol id="sm-240">
         <name>FS$$TOL</name>
         <value>0x3f8366</value>
         <object_component_ref idref="oc-95"/>
      </symbol>
      <symbol id="sm-248">
         <name>__register_lock</name>
         <value>0x3f842a</value>
         <object_component_ref idref="oc-96"/>
      </symbol>
      <symbol id="sm-249">
         <name>__register_unlock</name>
         <value>0x3f842d</value>
         <object_component_ref idref="oc-96"/>
      </symbol>
      <symbol id="sm-24a">
         <name>__lock</name>
         <value>0x3f9182</value>
         <object_component_ref idref="oc-97"/>
      </symbol>
      <symbol id="sm-24b">
         <name>__nop</name>
         <value>0x3f8429</value>
         <object_component_ref idref="oc-96"/>
      </symbol>
      <symbol id="sm-24c">
         <name>__unlock</name>
         <value>0x3f9180</value>
         <object_component_ref idref="oc-97"/>
      </symbol>
   </symbol_table>
   <title>Link successful</title>
</link_info>
